
Allocating common symbols
Common symbol       size              file

netbufpool          0x4               binaries/net.o
readylist           0x2               binaries/ready.o
rfltab              0x5a0             binaries/rflinit.o
netportseed         0x8               binaries/net.o
sleepq              0x2               binaries/clkinit.o
b_cnt               0x4               binaries/main.o
nnames              0x4               binaries/naminit.o
prC                 0x4               binaries/main.o
udptab              0x168             binaries/udp.o
minheap             0x4               binaries/meminit.o
marks               0x50              binaries/mark.o
currpid             0x4               binaries/initialize.o
Lf_data             0x20c             binaries/lfsinit.o
porttab             0x2d0             binaries/ptinit.o
girmask             0x2               binaries/evec.o
ttytab              0x110             binaries/ttyinit.o
proctab             0x1c20            binaries/initialize.o
prcount             0x4               binaries/initialize.o
d_cnt               0x4               binaries/main.o
lfltab              0xf00             binaries/lflinit.o
prA                 0x4               binaries/main.o
rdstab              0x8c              binaries/rdsinit.o
ethertab            0x130             binaries/ethinit.o
prD                 0x4               binaries/main.o
NetData             0xb0              binaries/net.o
nmarks              0x4               binaries/mark.o
initsp              0x4               binaries/i386.o
Defer               0x8               binaries/resched.o
semtab              0x4b0             binaries/initialize.o
maxheap             0x4               binaries/meminit.o
preempt             0x4               binaries/clkinit.o
buftab              0xf0              binaries/bufinit.o
Rf_data             0x18              binaries/rfsinit.o
a_cnt               0x4               binaries/main.o
mkmutex             0x4               binaries/mark.o
c_cnt               0x4               binaries/main.o
clktime             0x4               binaries/clkinit.o
arpcache            0x140             binaries/arp.o
icmptab             0x230             binaries/icmp.o
nbpools             0x4               binaries/bufinit.o
queuetab            0x980             binaries/queue.o
ptnextid            0x4               binaries/ptinit.o
Ram                 0x19000           binaries/raminit.o
ipoqueue            0x2c              binaries/ip.o
prB                 0x4               binaries/main.o
memlist             0x8               binaries/initialize.o
nametab             0x19a0            binaries/naminit.o
ptfree              0x4               binaries/ptinit.o

Memory Configuration

Name             Origin             Length             Attributes
*default*        0x0000000000000000 0xffffffffffffffff

Linker script and memory map

                0x0000000000100000                physbase = 0x100000
                0x0000000000100000                . = physbase
                0x0000000000100000                . = ALIGN (0x1000)

.text           0x0000000000100000    0x1c000
                0x0000000000100000                text = ABSOLUTE (.)
 *(.text .text.*)
 .text          0x0000000000100000      0x165 binaries/start.o
                0x0000000000100020                entry
                0x000000000010003d                start
                0x00000000001000a5                inb
                0x00000000001000ad                inw
                0x00000000001000b6                inl
                0x00000000001000be                outb
                0x00000000001000c8                outw
                0x00000000001000d3                outl
                0x00000000001000dd                _rtcin
                0x00000000001000e8                ___udivsi3
                0x00000000001000f3                ___divsi3
                0x00000000001000ff                sbzero
                0x000000000010010f                bcopy
                0x0000000000100123                insw
                0x0000000000100139                outsw
                0x000000000010014f                lidt
                0x0000000000100157                jumptocode
                0x000000000010015e                jumptobootcode
 .text          0x0000000000100165      0x3e3 binaries/ascdate.o
                0x0000000000100165                ascdate
 .text          0x0000000000100548       0x14 binaries/bufinit.o
                0x0000000000100548                bufinit
 .text          0x000000000010055c       0x8d binaries/chprio.o
                0x000000000010055c                chprio
 .text          0x00000000001005e9       0xd4 binaries/clkhandler.o
                0x00000000001005e9                clkhandler
 .text          0x00000000001006bd       0x7e binaries/clkinit.o
                0x00000000001006bd                clkinit
 .text          0x000000000010073b       0x75 binaries/close.o
                0x000000000010073b                close
 .text          0x00000000001007b0        0x0 binaries/conf.o
 .text          0x00000000001007b0       0x7b binaries/control.o
                0x00000000001007b0                control
 .text          0x000000000010082b      0x54b binaries/create.o
                0x000000000010082b                create
                0x0000000000100aa1                create_user_process
 .text          0x0000000000100d76      0x357 binaries/evec.o
                0x0000000000100d76                initevec
                0x0000000000100dcd                set_evec
                0x0000000000100e6f                trap
 .text          0x00000000001010cd       0x19 binaries/exit.o
                0x00000000001010cd                exit
 .text          0x00000000001010e6       0x8c binaries/freebuf.o
                0x00000000001010e6                freebuf
 .text          0x0000000000101172      0x172 binaries/freemem.o
                0x0000000000101172                freemem
 .text          0x00000000001012e4       0x8a binaries/getbuf.o
                0x00000000001012e4                getbuf
 .text          0x000000000010136e       0x75 binaries/getc.o
                0x000000000010136e                getc
 .text          0x00000000001013e3       0x74 binaries/getdev.o
                0x00000000001013e3                getdev
 .text          0x0000000000101457       0xd0 binaries/getitem.o
                0x0000000000101457                getfirst
                0x000000000010149c                getlast
                0x00000000001014e3                getitem
 .text          0x0000000000101527      0x10a binaries/getmem.o
                0x0000000000101527                getmem
 .text          0x0000000000101631        0xa binaries/getpid.o
                0x0000000000101631                getpid
 .text          0x000000000010163b       0x75 binaries/getprio.o
                0x000000000010163b                getprio
 .text          0x00000000001016b0       0xfb binaries/getstk.o
                0x00000000001016b0                getstk
 .text          0x00000000001017ab       0x16 binaries/getticks.o
                0x00000000001017ab                getticks
 .text          0x00000000001017c1       0x3a binaries/gettime.o
                0x00000000001017c1                gettime
 .text          0x00000000001017fb      0x1e2 binaries/getutime.o
                0x00000000001017fb                getutime
 .text          0x00000000001019dd      0x3c5 binaries/i386.o
                0x00000000001019dd                setsegs
                0x0000000000101aef                init8259
                0x0000000000101ba1                pseg
                0x0000000000101d49                setirmask
 .text          0x0000000000101da2       0x75 binaries/init.o
                0x0000000000101da2                init
 .text          0x0000000000101e17      0x3c5 binaries/initialize.o
                0x0000000000101e17                nulluser
                0x0000000000102183                stop
                0x00000000001021ae                delay
 .text          0x00000000001021dc       0xda binaries/insert.o
                0x00000000001021dc                insert
 .text          0x00000000001022b6      0x10c binaries/insertd.o
                0x00000000001022b6                insertd
 .text          0x00000000001023c2        0xa binaries/ioerr.o
                0x00000000001023c2                ioerr
 .text          0x00000000001023cc        0xa binaries/ionull.o
                0x00000000001023cc                ionull
 .text          0x00000000001023d6      0x1fb binaries/kill.o
                0x00000000001023d6                kill
 .text          0x00000000001025d1      0x14e binaries/kprintf.o
                0x00000000001025d1                kputc
                0x0000000000102664                kgetc
                0x00000000001026f5                kprintf
 .text          0x000000000010271f      0xc8a binaries/main.o
                0x000000000010271f                compute
                0x0000000000102781                main
 .text          0x00000000001033a9       0xb5 binaries/mark.o
                0x00000000001033a9                markinit
                0x00000000001033cd                mark
 .text          0x000000000010345e       0xcc binaries/meminit.o
                0x000000000010345e                meminit
 .text          0x000000000010352a      0x174 binaries/mkbufpool.o
                0x000000000010352a                mkbufpool
 .text          0x000000000010369e       0x94 binaries/newqueue.o
                0x000000000010369e                newqueue
 .text          0x0000000000103732       0x7b binaries/open.o
                0x0000000000103732                open
 .text          0x00000000001037ad       0x20 binaries/panic.o
                0x00000000001037ad                panic
 .text          0x00000000001037cd      0x489 binaries/pci.o
                0x00000000001037cd                pci_init
                0x0000000000103a8a                find_pci_device
                0x0000000000103ad8                pci_bios_read_config_byte
                0x0000000000103b17                pci_bios_read_config_word
                0x0000000000103b59                pci_bios_read_config_dword
                0x0000000000103b98                pci_bios_write_config_byte
                0x0000000000103bd9                pci_bios_write_config_word
                0x0000000000103c1b                pci_bios_write_config_dword
 .text          0x0000000000103c56       0xb0 binaries/print.o
                0x0000000000103c56                sync_printf
 .text          0x0000000000103d06       0x69 binaries/project2.o
                0x0000000000103d06                burst_execution
                0x0000000000103d5d                set_tickets
 .text          0x0000000000103d6f       0xf1 binaries/ptclear.o
                0x0000000000103d6f                _ptclear
 .text          0x0000000000103e60       0x9d binaries/ptcount.o
                0x0000000000103e60                ptcount
 .text          0x0000000000103efd      0x116 binaries/ptcreate.o
                0x0000000000103efd                ptcreate
 .text          0x0000000000104013       0x7f binaries/ptdelete.o
                0x0000000000104013                ptdelete
 .text          0x0000000000104092       0xbf binaries/ptinit.o
                0x0000000000104092                ptinit
 .text          0x0000000000104151      0x11b binaries/ptrecv.o
                0x0000000000104151                ptrecv
 .text          0x000000000010426c       0x77 binaries/ptreset.o
                0x000000000010426c                ptreset
 .text          0x00000000001042e3      0x13d binaries/ptsend.o
                0x00000000001042e3                ptsend
 .text          0x0000000000104420       0x80 binaries/putc.o
                0x0000000000104420                putc
 .text          0x00000000001044a0      0x10d binaries/queue.o
                0x00000000001044a0                enqueue
                0x0000000000104540                dequeue
 .text          0x00000000001045ad       0x7b binaries/read.o
                0x00000000001045ad                read
 .text          0x0000000000104628      0x16e binaries/ready.o
                0x0000000000104628                ready
                0x00000000001046a0                print_ready_list
 .text          0x0000000000104796       0x60 binaries/receive.o
                0x0000000000104796                receive
 .text          0x00000000001047f6       0x5c binaries/recvclr.o
                0x00000000001047f6                recvclr
 .text          0x0000000000104852       0xbb binaries/recvtime.o
                0x0000000000104852                recvtime
 .text          0x000000000010490d      0x336 binaries/resched.o
                0x000000000010490d                resched
                0x0000000000104bce                resched_cntl
 .text          0x0000000000104c43       0xaa binaries/resume.o
                0x0000000000104c43                resume
 .text          0x0000000000104ced       0x79 binaries/seek.o
                0x0000000000104ced                seek
 .text          0x0000000000104d66       0x70 binaries/semcount.o
                0x0000000000104d66                semcount
 .text          0x0000000000104dd6       0xd6 binaries/semcreate.o
                0x0000000000104dd6                semcreate
 .text          0x0000000000104eac       0xcd binaries/semdelete.o
                0x0000000000104eac                semdelete
 .text          0x0000000000104f79       0xcb binaries/semreset.o
                0x0000000000104f79                semreset
 .text          0x0000000000105044       0xe6 binaries/send.o
                0x0000000000105044                send
 .text          0x000000000010512a       0xa8 binaries/signal.o
                0x000000000010512a                signal
 .text          0x00000000001051d2       0xd6 binaries/signaln.o
                0x00000000001051d2                signaln
 .text          0x00000000001052a8       0xea binaries/sleep.o
                0x00000000001052a8                sleep
                0x00000000001052f6                sleepms
 .text          0x0000000000105392      0x18b binaries/stacktrace.o
                0x0000000000105392                stacktrace
 .text          0x000000000010551d       0xe0 binaries/suspend.o
                0x000000000010551d                suspend
 .text          0x00000000001055fd       0xe2 binaries/unsleep.o
                0x00000000001055fd                unsleep
 .text          0x00000000001056df       0x19 binaries/userret.o
                0x00000000001056df                userret
 .text          0x00000000001056f8       0xdb binaries/wait.o
                0x00000000001056f8                wait
 .text          0x00000000001057d3       0x72 binaries/wakeup.o
                0x00000000001057d3                wakeup
 .text          0x0000000000105845       0x7b binaries/write.o
                0x0000000000105845                write
 .text          0x00000000001058c0       0x1d binaries/xdone.o
                0x00000000001058c0                xdone
 .text          0x00000000001058dd       0x28 binaries/yield.o
                0x00000000001058dd                yield
 .text          0x0000000000105905       0x11 binaries/abs.o
                0x0000000000105905                abs
 .text          0x0000000000105916       0x8f binaries/atoi.o
                0x0000000000105916                atoi
 .text          0x00000000001059a5       0x8f binaries/atol.o
                0x00000000001059a5                atol
 .text          0x0000000000105a34       0x31 binaries/bzero.o
                0x0000000000105a34                bzero
 .text          0x0000000000105a65        0x0 binaries/ctype_.o
 .text          0x0000000000105a65      0x8ed binaries/doprnt.o
                0x0000000000105a65                _doprnt
 .text          0x0000000000106352      0x65c binaries/doscan.o
                0x0000000000106352                _doscan
 .text          0x00000000001069ae      0x711 binaries/fdoprnt.o
                0x00000000001069ae                _fdoprnt
 .text          0x00000000001070bf       0x29 binaries/fgetc.o
                0x00000000001070bf                fgetc
 .text          0x00000000001070e8       0x75 binaries/fgets.o
                0x00000000001070e8                fgets
 .text          0x000000000010715d       0x2a binaries/fprintf.o
                0x000000000010715d                fprintf
 .text          0x0000000000107187       0x2c binaries/fputc.o
                0x0000000000107187                fputc
 .text          0x00000000001071b3       0x43 binaries/fputs.o
                0x00000000001071b3                fputs
 .text          0x00000000001071f6       0x8a binaries/fscanf.o
                0x00000000001071f6                fscanf
 .text          0x0000000000107280       0x31 binaries/getchar.o
                0x0000000000107280                getchar
 .text          0x00000000001072b1       0x11 binaries/labs.o
                0x00000000001072b1                labs
 .text          0x00000000001072c2        0x0 binaries/memchr.o
 .text          0x00000000001072c2       0x51 binaries/memcmp.o
                0x00000000001072c2                memcmp
 .text          0x0000000000107313       0x3f binaries/memcpy.o
                0x0000000000107313                memcpy
 .text          0x0000000000107352       0x30 binaries/memset.o
                0x0000000000107352                memset
 .text          0x0000000000107382       0x47 binaries/printf.o
                0x0000000000107382                printf
 .text          0x00000000001073c9       0x34 binaries/putchar.o
                0x00000000001073c9                putchar
 .text          0x00000000001073fd      0x27e binaries/qsort.o
                0x00000000001073fd                qsort
 .text          0x000000000010767b       0x63 binaries/rand.o
                0x000000000010767b                rand
                0x0000000000107693                rand_r
                0x00000000001076d1                srand
 .text          0x00000000001076de       0x66 binaries/sprintf.o
                0x00000000001076de                sprintf
 .text          0x0000000000107744       0x70 binaries/sscanf.o
                0x0000000000107744                sscanf
 .text          0x00000000001077b4       0x3c binaries/strchr.o
                0x00000000001077b4                strchr
 .text          0x00000000001077f0       0x45 binaries/strcmp.o
                0x00000000001077f0                strcmp
 .text          0x0000000000107835       0x27 binaries/strcpy.o
                0x0000000000107835                strcpy
 .text          0x000000000010785c       0x26 binaries/strlen.o
                0x000000000010785c                strlen
 .text          0x0000000000107882       0x56 binaries/strncat.o
                0x0000000000107882                strncat
 .text          0x00000000001078d8       0x5f binaries/strncmp.o
                0x00000000001078d8                strncmp
 .text          0x0000000000107937       0x4f binaries/strncpy.o
                0x0000000000107937                strncpy
 .text          0x0000000000107986       0x2e binaries/strnlen.o
                0x0000000000107986                strnlen
 .text          0x00000000001079b4       0x45 binaries/strrchr.o
                0x00000000001079b4                strrchr
 .text          0x00000000001079f9       0x6d binaries/strstr.o
                0x00000000001079f9                strstr
 .text          0x0000000000107a66       0xe4 binaries/ttycontrol.o
                0x0000000000107a66                ttycontrol
 .text          0x0000000000107b4a       0x97 binaries/ttygetc.o
                0x0000000000107b4a                ttygetc
 .text          0x0000000000107be1      0x6ee binaries/ttyhandle_in.o
                0x0000000000107be1                ttyhandle_in
 .text          0x00000000001082cf      0x1ae binaries/ttyhandle_out.o
                0x00000000001082cf                ttyhandle_out
 .text          0x000000000010847d       0xce binaries/ttyhandler.o
                0x000000000010847d                ttyhandler
 .text          0x000000000010854b      0x22f binaries/ttyinit.o
                0x000000000010854b                ttyinit
 .text          0x000000000010877a       0x1b binaries/ttykickout.o
                0x000000000010877a                ttykickout
 .text          0x0000000000108795       0xb7 binaries/ttyputc.o
                0x0000000000108795                ttyputc
 .text          0x000000000010884c      0x11b binaries/ttyread.o
                0x000000000010884c                ttyread
 .text          0x0000000000108967       0x4f binaries/ttywrite.o
                0x0000000000108967                ttywrite
 .text          0x00000000001089b6      0x14b binaries/mount.o
                0x00000000001089b6                mount
                0x0000000000108acb                namlen
 .text          0x0000000000108b01      0x1ea binaries/naminit.o
                0x0000000000108b01                naminit
 .text          0x0000000000108ceb      0x211 binaries/nammap.o
                0x0000000000108ceb                nammap
                0x0000000000108d76                namrepl
                0x0000000000108eac                namcpy
 .text          0x0000000000108efc       0x4e binaries/namopen.o
                0x0000000000108efc                namopen
 .text          0x0000000000108f4a      0xec3 binaries/82545EMInit.o
                0x0000000000108fa8                _82545EMInit
                0x0000000000109c79                _82545EM_read_phy_reg
                0x0000000000109d3f                _82545EM_write_phy_reg
 .text          0x0000000000109e0d      0x241 binaries/ethcontrol.o
                0x0000000000109e6b                ethcontrol
                0x0000000000109fe1                ethIrqDisable
                0x000000000010a016                ethIrqEnable
 .text          0x000000000010a04e      0x252 binaries/ethhandler.o
                0x000000000010a1be                ethhandler
 .text          0x000000000010a2a0      0x126 binaries/ethinit.o
                0x000000000010a2a0                ethinit
 .text          0x000000000010a3c6      0x1f4 binaries/ethread.o
                0x000000000010a424                ethread
 .text          0x000000000010a5ba      0x19f binaries/ethwrite.o
                0x000000000010a618                ethwrite
 .text          0x000000000010a759       0x9e binaries/rdsbufalloc.o
                0x000000000010a759                rdsbufalloc
 .text          0x000000000010a7f7       0xcc binaries/rdsclose.o
                0x000000000010a7f7                rdsclose
 .text          0x000000000010a8c3      0x2e8 binaries/rdscomm.o
                0x000000000010a8c3                rdscomm
 .text          0x000000000010abab      0x233 binaries/rdscontrol.o
                0x000000000010abab                rdscontrol
 .text          0x000000000010adde      0x1f3 binaries/rdsinit.o
                0x000000000010adde                rdsinit
 .text          0x000000000010afd1      0x19b binaries/rdsopen.o
                0x000000000010afd1                rdsopen
 .text          0x000000000010b16c      0x461 binaries/rdsprocess.o
                0x000000000010b16c                rdsprocess
 .text          0x000000000010b5cd      0x259 binaries/rdsread.o
                0x000000000010b5cd                rdsread
 .text          0x000000000010b826      0x1fe binaries/rdswrite.o
                0x000000000010b826                rdswrite
 .text          0x000000000010ba24        0xa binaries/ramclose.o
                0x000000000010ba24                ramclose
 .text          0x000000000010ba2e       0x3e binaries/raminit.o
                0x000000000010ba2e                raminit
 .text          0x000000000010ba6c        0xa binaries/ramopen.o
                0x000000000010ba6c                ramopen
 .text          0x000000000010ba76       0x32 binaries/ramread.o
                0x000000000010ba76                ramread
 .text          0x000000000010baa8       0x32 binaries/ramwrite.o
                0x000000000010baa8                ramwrite
 .text          0x000000000010bada       0x98 binaries/lfdballoc.o
                0x000000000010bada                lfdballoc
 .text          0x000000000010bb72       0x58 binaries/lfdbfree.o
                0x000000000010bb72                lfdbfree
 .text          0x000000000010bbca       0xb6 binaries/lfflush.o
                0x000000000010bbca                lfflush
 .text          0x000000000010bc80       0xd8 binaries/lfgetmode.o
                0x000000000010bc80                lfgetmode
 .text          0x000000000010bd58       0x68 binaries/lfiballoc.o
                0x000000000010bd58                lfiballoc
 .text          0x000000000010bdc0       0x3b binaries/lfibclear.o
                0x000000000010bdc0                lfibclear
 .text          0x000000000010bdfb       0xad binaries/lfibget.o
                0x000000000010bdfb                lfibget
 .text          0x000000000010bea8       0xdc binaries/lfibput.o
                0x000000000010bea8                lfibput
 .text          0x000000000010bf84       0xa2 binaries/lflclose.o
                0x000000000010bf84                lflclose
 .text          0x000000000010c026       0xd0 binaries/lflcontrol.o
                0x000000000010c026                lflcontrol
 .text          0x000000000010c0f6       0xf2 binaries/lflgetc.o
                0x000000000010c0f6                lflgetc
 .text          0x000000000010c1e8       0xf1 binaries/lflinit.o
                0x000000000010c1e8                lflinit
 .text          0x000000000010c2d9      0x122 binaries/lflputc.o
                0x000000000010c2d9                lflputc
 .text          0x000000000010c3fb       0x70 binaries/lflread.o
                0x000000000010c3fb                lflread
 .text          0x000000000010c46b       0xac binaries/lflseek.o
                0x000000000010c46b                lflseek
 .text          0x000000000010c517       0x55 binaries/lflwrite.o
                0x000000000010c517                lflwrite
 .text          0x000000000010c56c       0x62 binaries/lfscheck.o
                0x000000000010c56c                lfscheck
 .text          0x000000000010c5ce      0x175 binaries/lfsckfmt.o
                0x000000000010c5ce                lfsckfmt
 .text          0x000000000010c743      0x1ad binaries/lfscreate.o
                0x000000000010c743                lfscreate
 .text          0x000000000010c8f0      0x278 binaries/lfsetup.o
                0x000000000010c8f0                lfsetup
 .text          0x000000000010cb68       0x51 binaries/lfsinit.o
                0x000000000010cb68                lfsinit
 .text          0x000000000010cbb9      0x3c0 binaries/lfsopen.o
                0x000000000010cbb9                lfsopen
 .text          0x000000000010cf79      0x15e binaries/lftruncate.o
                0x000000000010cf79                lftruncate
 .text          0x000000000010d0d7       0x71 binaries/rflclose.o
                0x000000000010d0d7                rflclose
 .text          0x000000000010d148       0x32 binaries/rflgetc.o
                0x000000000010d148                rflgetc
 .text          0x000000000010d17a       0x76 binaries/rflinit.o
                0x000000000010d17a                rflinit
 .text          0x000000000010d1f0       0x33 binaries/rflputc.o
                0x000000000010d1f0                rflputc
 .text          0x000000000010d223      0x360 binaries/rflread.o
                0x000000000010d223                rflread
 .text          0x000000000010d583       0x74 binaries/rflseek.o
                0x000000000010d583                rflseek
 .text          0x000000000010d5f7      0x34d binaries/rflwrite.o
                0x000000000010d5f7                rflwrite
 .text          0x000000000010d944      0x1e2 binaries/rfscomm.o
                0x000000000010d944                rfscomm
 .text          0x000000000010db26      0x26d binaries/rfscontrol.o
                0x000000000010db26                rfscontrol
 .text          0x000000000010dd93       0xd8 binaries/rfsgetmode.o
                0x000000000010dd93                rfsgetmode
 .text          0x000000000010de6b       0x86 binaries/rfsinit.o
                0x000000000010de6b                rfsinit
 .text          0x000000000010def1      0x111 binaries/rfsndmsg.o
                0x000000000010def1                rfsndmsg
 .text          0x000000000010e002      0x2aa binaries/rfsopen.o
                0x000000000010e002                rfsopen
 .text          0x000000000010e2ac      0x836 binaries/arp.o
                0x000000000010e2ac                arp_init
                0x000000000010e2de                arp_resolve
                0x000000000010e592                arp_in
                0x000000000010e84a                arp_alloc
                0x000000000010e90a                arp_ntoh
                0x000000000010e9f6                arp_hton
 .text          0x000000000010eae2      0x8e3 binaries/dhcp.o
                0x000000000010eae2                dhcp_get_opt_val
                0x000000000010eb3b                dhcp_bld_bootp_msg
                0x000000000010ec48                dhcp_bld_disc
                0x000000000010ed31                dhcp_bld_req
                0x000000000010eea3                getlocalip
 .text          0x000000000010f3c5      0x59f binaries/dns.o
                0x000000000010f3c5                dnslookup
 .text          0x000000000010f964       0xe8 binaries/dot2ip.o
                0x000000000010f964                dot2ip
 .text          0x000000000010fa4c      0x4c4 binaries/hexdump.o
                0x000000000010fa4c                hexdump
                0x000000000010fbf3                hexadump
 .text          0x000000000010ff10      0x8af binaries/icmp.o
                0x000000000010ff10                icmp_init
                0x000000000010ff47                icmp_in
                0x000000000011011d                icmp_register
                0x0000000000110218                icmp_recv
                0x00000000001103a4                icmp_send
                0x000000000011042c                icmp_mkpkt
                0x0000000000110546                icmp_release
                0x0000000000110644                icmp_cksum
                0x00000000001106d7                icmp_hton
                0x000000000011074b                icmp_ntoh
 .text          0x00000000001107bf      0x8a5 binaries/ip.o
                0x00000000001107bf                ip_in
                0x0000000000110943                ip_send
                0x0000000000110a9e                ip_local
                0x0000000000110aea                ip_out
                0x0000000000110c23                ipcksum
                0x0000000000110ca9                ip_ntoh
                0x0000000000110d95                ip_hton
                0x0000000000110e81                ipout
                0x0000000000110fb0                ip_enqueue
 .text          0x0000000000111064      0x2cd binaries/net.o
                0x0000000000111064                net_init
                0x000000000011118c                netin
                0x0000000000111249                eth_hton
                0x0000000000111273                eth_ntoh
                0x000000000011129d                getport
 .text          0x0000000000111331     0x147f binaries/pdump.o
                0x0000000000111331                pdump
                0x00000000001120ee                pdumph
 .text          0x00000000001127b0      0x613 binaries/tftp.o
                0x00000000001127b0                tftp_send1
                0x0000000000112928                tftpget
                0x000000000011295a                tftpget_mb
 .text          0x0000000000112dc3      0xb82 binaries/udp.o
                0x0000000000112dc3                udp_init
                0x0000000000112df8                udp_in
                0x0000000000112f3a                udp_register
                0x0000000000113077                udp_recv
                0x0000000000113213                udp_recvaddr
                0x00000000001133c7                udp_send
                0x00000000001135af                udp_sendto
                0x0000000000113760                udp_release
                0x000000000011385b                udp_ntoh
                0x00000000001138d0                udp_hton
 .text          0x0000000000113945      0x138 binaries/addargs.o
                0x0000000000113945                addargs
 .text          0x0000000000113a7d      0x2c9 binaries/lexan.o
                0x0000000000113a7d                lexan
 .text          0x0000000000113d46      0x663 binaries/shell.o
                0x0000000000113d46                shell
 .text          0x00000000001143a9       0x69 binaries/xsh_argecho.o
                0x00000000001143a9                xsh_argecho
 .text          0x0000000000114412      0x275 binaries/xsh_arp.o
                0x0000000000114412                xsh_arp
 .text          0x0000000000114687      0x26f binaries/xsh_cat.o
                0x0000000000114687                xsh_cat
 .text          0x00000000001148f6       0x5e binaries/xsh_clear.o
                0x00000000001148f6                xsh_clear
 .text          0x0000000000114954      0x2f7 binaries/xsh_date.o
                0x0000000000114954                xsh_date
 .text          0x0000000000114c4b       0xae binaries/xsh_devdump.o
                0x0000000000114c4b                xsh_devdump
 .text          0x0000000000114cf9       0x72 binaries/xsh_echo.o
                0x0000000000114cf9                xsh_echo
 .text          0x0000000000114d6b        0xa binaries/xsh_exit.o
                0x0000000000114d6b                xsh_exit
 .text          0x0000000000114d75      0x389 binaries/xsh_help.o
                0x0000000000114d75                xsh_help
 .text          0x00000000001150fe      0x249 binaries/xsh_kill.o
                0x00000000001150fe                xsh_kill
 .text          0x0000000000115347      0x545 binaries/xsh_memdump.o
                0x0000000000115347                xsh_memdump
 .text          0x000000000011588c      0x2a7 binaries/xsh_memstat.o
                0x000000000011588c                xsh_memstat
 .text          0x0000000000115b33      0x50d binaries/xsh_netinfo.o
                0x0000000000115b33                xsh_netinfo
 .text          0x0000000000116040      0x48f binaries/xsh_ping.o
                0x0000000000116040                xsh_ping
 .text          0x00000000001164cf      0x220 binaries/xsh_ps.o
                0x00000000001164cf                xsh_ps
 .text          0x00000000001166ef      0x225 binaries/xsh_sleep.o
                0x00000000001166ef                xsh_sleep
 .text          0x0000000000116914      0x27a binaries/xsh_udpdump.o
                0x0000000000116914                xsh_udpdump
 .text          0x0000000000116b8e      0x4bf binaries/xsh_udpecho.o
                0x0000000000116b8e                xsh_udpecho
 .text          0x000000000011704d      0x2b0 binaries/xsh_udpserver.o
                0x000000000011704d                xsh_udpeserver
 .text          0x00000000001172fd      0x1f3 binaries/xsh_uptime.o
                0x00000000001172fd                xsh_uptime
 .text          0x00000000001174f0        0xe binaries/clkdisp.o
                0x00000000001174f0                clkdisp
 .text          0x00000000001174fe       0x19 binaries/ctxsw.o
                0x00000000001174fe                ctxsw
 .text          0x0000000000117517      0x368 binaries/intr.o
                0x0000000000117517                disable
                0x0000000000117520                restore
                0x000000000011752e                enable
                0x0000000000117530                pause
                0x0000000000117537                halt
                0x000000000011753a                spurious_irq7
                0x000000000011753f                spurious_irq15
                0x000000000011754e                _Xint0
                0x0000000000117559                _Xint1
                0x0000000000117564                _Xint2
                0x000000000011756f                _Xint3
                0x000000000011757a                _Xint4
                0x0000000000117585                _Xint5
                0x0000000000117590                _Xint6
                0x000000000011759b                _Xint7
                0x00000000001175a6                _Xint8
                0x00000000001175b1                _Xint9
                0x00000000001175bc                _Xint10
                0x00000000001175c7                _Xint11
                0x00000000001175d5                _Xint12
                0x00000000001175e3                _Xint13
                0x00000000001175f1                _Xint14
                0x00000000001175ff                _Xint15
                0x000000000011760d                _Xint16
                0x000000000011761b                _Xint17
                0x0000000000117629                _Xint18
                0x0000000000117637                _Xint19
                0x0000000000117645                _Xint20
                0x0000000000117653                _Xint21
                0x0000000000117661                _Xint22
                0x000000000011766f                _Xint23
                0x000000000011767d                _Xint24
                0x000000000011768b                _Xint25
                0x0000000000117699                _Xint26
                0x00000000001176a7                _Xint27
                0x00000000001176b5                _Xint28
                0x00000000001176c3                _Xint29
                0x00000000001176d1                _Xint30
                0x00000000001176df                _Xint31
                0x00000000001176ed                _Xint32
                0x00000000001176fb                _Xint33
                0x0000000000117709                _Xint34
                0x0000000000117717                _Xint35
                0x0000000000117725                _Xint36
                0x0000000000117733                _Xint37
                0x0000000000117741                _Xint38
                0x000000000011774f                _Xint39
                0x000000000011775d                _Xint40
                0x000000000011776b                _Xint41
                0x0000000000117779                _Xint42
                0x0000000000117787                _Xint43
                0x0000000000117795                _Xint44
                0x00000000001177a3                _Xint45
                0x00000000001177b1                _Xint46
                0x00000000001177bf                defevec
 .text          0x000000000011787f        0xf binaries/ttydispatch.o
                0x000000000011787f                ttydispatch
 .text          0x000000000011788e       0x13 binaries/ethdispatch.o
                0x000000000011788e                ethdispatch
 *(.rodata .rodata.*)
 *fill*         0x00000000001178a1        0x3 
 .rodata        0x00000000001178a4       0x8e binaries/ascdate.o
 .rodata        0x0000000000117932       0xae binaries/conf.o
 .rodata        0x00000000001179e0      0x22f binaries/evec.o
 *fill*         0x0000000000117c0f        0x1 
 .rodata        0x0000000000117c10       0x61 binaries/getutime.o
 *fill*         0x0000000000117c71        0x3 
 .rodata        0x0000000000117c74       0x90 binaries/i386.o
 .rodata        0x0000000000117d04      0x181 binaries/initialize.o
 *fill*         0x0000000000117e85        0x3 
 .rodata        0x0000000000117e88       0x8c binaries/kill.o
 *fill*         0x0000000000117f14        0x4 
 .rodata        0x0000000000117f18      0x1e8 binaries/main.o
 .rodata        0x0000000000118100        0xf binaries/panic.o
 *fill*         0x000000000011810f        0x1 
 .rodata        0x0000000000118110      0x1ec binaries/pci.o
 .rodata        0x00000000001182fc       0x1d binaries/ptinit.o
 *fill*         0x0000000000118319        0x3 
 .rodata        0x000000000011831c       0x25 binaries/ptsend.o
 .rodata        0x0000000000118341       0x54 binaries/ready.o
 .rodata        0x0000000000118395        0xd binaries/resched.o
 *fill*         0x00000000001183a2        0x2 
 .rodata        0x00000000001183a4       0xb7 binaries/stacktrace.o
 *fill*         0x000000000011845b        0x1 
 .rodata        0x000000000011845c       0x27 binaries/xdone.o
 *fill*         0x0000000000118483       0x1d 
 .rodata        0x00000000001184a0       0x81 binaries/ctype_.o
                0x00000000001184a0                _ctype_
 *fill*         0x0000000000118521        0x3 
 .rodata        0x0000000000118524       0xee binaries/doprnt.o
 *fill*         0x0000000000118612        0x2 
 .rodata        0x0000000000118614       0x98 binaries/doscan.o
 .rodata        0x00000000001186ac       0xae binaries/fdoprnt.o
 *fill*         0x000000000011875a        0x2 
 .rodata        0x000000000011875c       0x20 binaries/ttycontrol.o
 .rodata        0x000000000011877c       0x34 binaries/ttyhandler.o
 .rodata        0x00000000001187b0       0x80 binaries/naminit.o
 .rodata        0x0000000000118830       0x2e binaries/82545EMInit.o
 *fill*         0x000000000011885e        0x2 
 .rodata        0x0000000000118860       0x78 binaries/ethinit.o
 .rodata        0x00000000001188d8       0x18 binaries/ethread.o
 .rodata        0x00000000001188f0       0x2c binaries/rdsbufalloc.o
 .rodata        0x000000000011891c       0x76 binaries/rdscomm.o
 *fill*         0x0000000000118992        0x2 
 .rodata        0x0000000000118994       0x48 binaries/rdscontrol.o
 .rodata        0x00000000001189dc       0x96 binaries/rdsinit.o
 *fill*         0x0000000000118a72        0x2 
 .rodata        0x0000000000118a74       0x22 binaries/rdsopen.o
 *fill*         0x0000000000118a96        0x2 
 .rodata        0x0000000000118a98       0x4d binaries/rdsprocess.o
 .rodata        0x0000000000118ae5        0x9 binaries/raminit.o
 *fill*         0x0000000000118aee        0x2 
 .rodata        0x0000000000118af0       0x37 binaries/lfdballoc.o
 .rodata        0x0000000000118b27       0x14 binaries/lfiballoc.o
 *fill*         0x0000000000118b3b        0x1 
 .rodata        0x0000000000118b3c       0x23 binaries/lflcontrol.o
 *fill*         0x0000000000118b5f        0x1 
 .rodata        0x0000000000118b60      0x11b binaries/lfsckfmt.o
 *fill*         0x0000000000118c7b        0x1 
 .rodata        0x0000000000118c7c       0x2a binaries/lfsopen.o
 *fill*         0x0000000000118ca6        0x2 
 .rodata        0x0000000000118ca8       0x21 binaries/rflread.o
 *fill*         0x0000000000118cc9        0x3 
 .rodata        0x0000000000118ccc       0x21 binaries/rflwrite.o
 *fill*         0x0000000000118ced        0x3 
 .rodata        0x0000000000118cf0       0x75 binaries/rfscomm.o
 *fill*         0x0000000000118d65        0x3 
 .rodata        0x0000000000118d68       0x3c binaries/rfscontrol.o
 .rodata        0x0000000000118da4       0x63 binaries/rfsinit.o
 *fill*         0x0000000000118e07        0x1 
 .rodata        0x0000000000118e08       0x2a binaries/rfsndmsg.o
 *fill*         0x0000000000118e32        0x2 
 .rodata        0x0000000000118e34       0x22 binaries/rfsopen.o
 *fill*         0x0000000000118e56        0x2 
 .rodata        0x0000000000118e58       0x3a binaries/arp.o
 *fill*         0x0000000000118e92        0x2 
 .rodata        0x0000000000118e94       0xcf binaries/dhcp.o
 .rodata        0x0000000000118f63       0x1a binaries/dns.o
 *fill*         0x0000000000118f7d        0x3 
 .rodata        0x0000000000118f80       0xc9 binaries/hexdump.o
 *fill*         0x0000000000119049        0x3 
 .rodata        0x000000000011904c       0x29 binaries/icmp.o
 *fill*         0x0000000000119075        0x3 
 .rodata        0x0000000000119078       0x6e binaries/ip.o
 *fill*         0x00000000001190e6        0x2 
 .rodata        0x00000000001190e8       0x4f binaries/net.o
 *fill*         0x0000000000119137        0x1 
 .rodata        0x0000000000119138      0x26f binaries/pdump.o
 *fill*         0x00000000001193a7        0x1 
 .rodata        0x00000000001193a8      0x154 binaries/tftp.o
 *fill*         0x00000000001194fc        0x4 
 .rodata        0x0000000000119500      0x3c1 binaries/shell.o
                0x0000000000119580                cmdtab
 .rodata        0x00000000001198c1       0x28 binaries/xsh_argecho.o
 *fill*         0x00000000001198e9        0x3 
 .rodata        0x00000000001198ec      0x123 binaries/xsh_arp.o
 *fill*         0x0000000000119a0f        0x1 
 .rodata        0x0000000000119a10       0xc9 binaries/xsh_cat.o
 .rodata        0x0000000000119ad9       0x19 binaries/xsh_clear.o
 *fill*         0x0000000000119af2        0x2 
 .rodata        0x0000000000119af4      0x1c3 binaries/xsh_date.o
 .rodata        0x0000000000119cb7       0x5d binaries/xsh_devdump.o
 .rodata        0x0000000000119d14        0x9 binaries/xsh_echo.o
 *fill*         0x0000000000119d1d        0x3 
 .rodata        0x0000000000119d20      0x169 binaries/xsh_help.o
 *fill*         0x0000000000119e89        0x3 
 .rodata        0x0000000000119e8c      0x12e binaries/xsh_kill.o
 *fill*         0x0000000000119fba        0x2 
 .rodata        0x0000000000119fbc      0x266 binaries/xsh_memdump.o
 *fill*         0x000000000011a222        0x2 
 .rodata        0x000000000011a224      0x225 binaries/xsh_memstat.o
 *fill*         0x000000000011a449        0x3 
 .rodata        0x000000000011a44c      0x1b0 binaries/xsh_netinfo.o
 .rodata        0x000000000011a5fc      0x1a1 binaries/xsh_ping.o
 *fill*         0x000000000011a79d        0x3 
 .rodata        0x000000000011a7a0      0x1e0 binaries/xsh_ps.o
 .rodata        0x000000000011a980       0xeb binaries/xsh_sleep.o
 *fill*         0x000000000011aa6b        0x1 
 .rodata        0x000000000011aa6c      0x1b8 binaries/xsh_udpdump.o
 .rodata        0x000000000011ac24      0x215 binaries/xsh_udpecho.o
 *fill*         0x000000000011ae39        0x3 
 .rodata        0x000000000011ae3c      0x12b binaries/xsh_udpserver.o
 *fill*         0x000000000011af67        0x1 
 .rodata        0x000000000011af68      0x105 binaries/xsh_uptime.o
                0x000000000011b06d                etext = ABSOLUTE (.)
                0x000000000011c000                . = ALIGN (0x1000)
 *fill*         0x000000000011b06d      0xf93 

.iplt           0x000000000011c000        0x0
 .iplt          0x000000000011c000        0x0 binaries/ethdispatch.o

.eh_frame       0x000000000011c000     0x2d08
 .eh_frame      0x000000000011c000       0x38 binaries/ascdate.o
 .eh_frame      0x000000000011c038       0x20 binaries/bufinit.o
                                         0x38 (size before relaxing)
 .eh_frame      0x000000000011c058       0x20 binaries/chprio.o
                                         0x38 (size before relaxing)
 .eh_frame      0x000000000011c078       0x20 binaries/clkhandler.o
                                         0x38 (size before relaxing)
 .eh_frame      0x000000000011c098       0x20 binaries/clkinit.o
                                         0x38 (size before relaxing)
 .eh_frame      0x000000000011c0b8       0x20 binaries/close.o
                                         0x38 (size before relaxing)
 .eh_frame      0x000000000011c0d8       0x20 binaries/control.o
                                         0x38 (size before relaxing)
 .eh_frame      0x000000000011c0f8       0x60 binaries/create.o
                                         0x78 (size before relaxing)
 .eh_frame      0x000000000011c158       0x60 binaries/evec.o
                                         0x78 (size before relaxing)
 .eh_frame      0x000000000011c1b8       0x20 binaries/exit.o
                                         0x38 (size before relaxing)
 .eh_frame      0x000000000011c1d8       0x20 binaries/freebuf.o
                                         0x38 (size before relaxing)
 .eh_frame      0x000000000011c1f8       0x20 binaries/freemem.o
                                         0x38 (size before relaxing)
 .eh_frame      0x000000000011c218       0x20 binaries/getbuf.o
                                         0x38 (size before relaxing)
 .eh_frame      0x000000000011c238       0x20 binaries/getc.o
                                         0x38 (size before relaxing)
 .eh_frame      0x000000000011c258       0x20 binaries/getdev.o
                                         0x38 (size before relaxing)
 .eh_frame      0x000000000011c278       0x60 binaries/getitem.o
                                         0x78 (size before relaxing)
 .eh_frame      0x000000000011c2d8       0x20 binaries/getmem.o
                                         0x38 (size before relaxing)
 .eh_frame      0x000000000011c2f8       0x20 binaries/getpid.o
                                         0x38 (size before relaxing)
 .eh_frame      0x000000000011c318       0x20 binaries/getprio.o
                                         0x38 (size before relaxing)
 .eh_frame      0x000000000011c338       0x20 binaries/getstk.o
                                         0x38 (size before relaxing)
 .eh_frame      0x000000000011c358       0x20 binaries/getticks.o
                                         0x38 (size before relaxing)
 .eh_frame      0x000000000011c378       0x20 binaries/gettime.o
                                         0x38 (size before relaxing)
 .eh_frame      0x000000000011c398       0x20 binaries/getutime.o
                                         0x38 (size before relaxing)
 .eh_frame      0x000000000011c3b8       0x8c binaries/i386.o
                                         0xa4 (size before relaxing)
 .eh_frame      0x000000000011c444       0x20 binaries/init.o
                                         0x38 (size before relaxing)
 .eh_frame      0x000000000011c464       0xa0 binaries/initialize.o
                                         0xb8 (size before relaxing)
 .eh_frame      0x000000000011c504       0x20 binaries/insert.o
                                         0x38 (size before relaxing)
 .eh_frame      0x000000000011c524       0x20 binaries/insertd.o
                                         0x38 (size before relaxing)
 .eh_frame      0x000000000011c544       0x20 binaries/ioerr.o
                                         0x38 (size before relaxing)
 .eh_frame      0x000000000011c564       0x20 binaries/ionull.o
                                         0x38 (size before relaxing)
 .eh_frame      0x000000000011c584       0x20 binaries/kill.o
                                         0x38 (size before relaxing)
 .eh_frame      0x000000000011c5a4       0x60 binaries/kprintf.o
                                         0x78 (size before relaxing)
 .eh_frame      0x000000000011c604       0x58 binaries/main.o
                                         0x70 (size before relaxing)
 .eh_frame      0x000000000011c65c       0x40 binaries/mark.o
                                         0x58 (size before relaxing)
 .eh_frame      0x000000000011c69c       0x20 binaries/meminit.o
                                         0x38 (size before relaxing)
 .eh_frame      0x000000000011c6bc       0x20 binaries/mkbufpool.o
                                         0x38 (size before relaxing)
 .eh_frame      0x000000000011c6dc       0x20 binaries/newqueue.o
                                         0x38 (size before relaxing)
 .eh_frame      0x000000000011c6fc       0x20 binaries/open.o
                                         0x38 (size before relaxing)
 .eh_frame      0x000000000011c71c       0x1c binaries/panic.o
                                         0x34 (size before relaxing)
 .eh_frame      0x000000000011c738      0x1c8 binaries/pci.o
                                        0x1e0 (size before relaxing)
 .eh_frame      0x000000000011c900       0x2c binaries/print.o
                                         0x44 (size before relaxing)
 .eh_frame      0x000000000011c92c       0x40 binaries/project2.o
                                         0x58 (size before relaxing)
 .eh_frame      0x000000000011c96c       0x20 binaries/ptclear.o
                                         0x38 (size before relaxing)
 .eh_frame      0x000000000011c98c       0x20 binaries/ptcount.o
                                         0x38 (size before relaxing)
 .eh_frame      0x000000000011c9ac       0x20 binaries/ptcreate.o
                                         0x38 (size before relaxing)
 .eh_frame      0x000000000011c9cc       0x20 binaries/ptdelete.o
                                         0x38 (size before relaxing)
 .eh_frame      0x000000000011c9ec       0x20 binaries/ptinit.o
                                         0x38 (size before relaxing)
 .eh_frame      0x000000000011ca0c       0x20 binaries/ptrecv.o
                                         0x38 (size before relaxing)
 .eh_frame      0x000000000011ca2c       0x20 binaries/ptreset.o
                                         0x38 (size before relaxing)
 .eh_frame      0x000000000011ca4c       0x20 binaries/ptsend.o
                                         0x38 (size before relaxing)
 .eh_frame      0x000000000011ca6c       0x20 binaries/putc.o
                                         0x38 (size before relaxing)
 .eh_frame      0x000000000011ca8c       0x40 binaries/queue.o
                                         0x58 (size before relaxing)
 .eh_frame      0x000000000011cacc       0x20 binaries/read.o
                                         0x38 (size before relaxing)
 .eh_frame      0x000000000011caec       0x44 binaries/ready.o
                                         0x5c (size before relaxing)
 .eh_frame      0x000000000011cb30       0x20 binaries/receive.o
                                         0x38 (size before relaxing)
 .eh_frame      0x000000000011cb50       0x20 binaries/recvclr.o
                                         0x38 (size before relaxing)
 .eh_frame      0x000000000011cb70       0x20 binaries/recvtime.o
                                         0x38 (size before relaxing)
 .eh_frame      0x000000000011cb90       0x40 binaries/resched.o
                                         0x58 (size before relaxing)
 .eh_frame      0x000000000011cbd0       0x20 binaries/resume.o
                                         0x38 (size before relaxing)
 .eh_frame      0x000000000011cbf0       0x20 binaries/seek.o
                                         0x38 (size before relaxing)
 .eh_frame      0x000000000011cc10       0x20 binaries/semcount.o
                                         0x38 (size before relaxing)
 .eh_frame      0x000000000011cc30       0x40 binaries/semcreate.o
                                         0x58 (size before relaxing)
 .eh_frame      0x000000000011cc70       0x20 binaries/semdelete.o
                                         0x38 (size before relaxing)
 .eh_frame      0x000000000011cc90       0x20 binaries/semreset.o
                                         0x38 (size before relaxing)
 .eh_frame      0x000000000011ccb0       0x20 binaries/send.o
                                         0x38 (size before relaxing)
 .eh_frame      0x000000000011ccd0       0x20 binaries/signal.o
                                         0x38 (size before relaxing)
 .eh_frame      0x000000000011ccf0       0x20 binaries/signaln.o
                                         0x38 (size before relaxing)
 .eh_frame      0x000000000011cd10       0x40 binaries/sleep.o
                                         0x58 (size before relaxing)
 .eh_frame      0x000000000011cd50       0x20 binaries/stacktrace.o
                                         0x38 (size before relaxing)
 .eh_frame      0x000000000011cd70       0x20 binaries/suspend.o
                                         0x38 (size before relaxing)
 .eh_frame      0x000000000011cd90       0x20 binaries/unsleep.o
                                         0x38 (size before relaxing)
 .eh_frame      0x000000000011cdb0       0x20 binaries/userret.o
                                         0x38 (size before relaxing)
 .eh_frame      0x000000000011cdd0       0x20 binaries/wait.o
                                         0x38 (size before relaxing)
 .eh_frame      0x000000000011cdf0       0x20 binaries/wakeup.o
                                         0x38 (size before relaxing)
 .eh_frame      0x000000000011ce10       0x20 binaries/write.o
                                         0x38 (size before relaxing)
 .eh_frame      0x000000000011ce30       0x20 binaries/xdone.o
                                         0x38 (size before relaxing)
 .eh_frame      0x000000000011ce50       0x20 binaries/yield.o
                                         0x38 (size before relaxing)
 .eh_frame      0x000000000011ce70       0x20 binaries/abs.o
                                         0x38 (size before relaxing)
 .eh_frame      0x000000000011ce90       0x20 binaries/atoi.o
                                         0x38 (size before relaxing)
 .eh_frame      0x000000000011ceb0       0x20 binaries/atol.o
                                         0x38 (size before relaxing)
 .eh_frame      0x000000000011ced0       0x20 binaries/bzero.o
                                         0x38 (size before relaxing)
 .eh_frame      0x000000000011cef0       0xe0 binaries/doprnt.o
                                         0xf8 (size before relaxing)
 .eh_frame      0x000000000011cfd0       0xb0 binaries/doscan.o
                                         0xc8 (size before relaxing)
 .eh_frame      0x000000000011d080       0xc0 binaries/fdoprnt.o
                                         0xd8 (size before relaxing)
 .eh_frame      0x000000000011d140       0x20 binaries/fgetc.o
                                         0x38 (size before relaxing)
 .eh_frame      0x000000000011d160       0x20 binaries/fgets.o
                                         0x38 (size before relaxing)
 .eh_frame      0x000000000011d180       0x20 binaries/fprintf.o
                                         0x38 (size before relaxing)
 .eh_frame      0x000000000011d1a0       0x20 binaries/fputc.o
                                         0x38 (size before relaxing)
 .eh_frame      0x000000000011d1c0       0x20 binaries/fputs.o
                                         0x38 (size before relaxing)
 .eh_frame      0x000000000011d1e0       0x60 binaries/fscanf.o
                                         0x78 (size before relaxing)
 .eh_frame      0x000000000011d240       0x20 binaries/getchar.o
                                         0x38 (size before relaxing)
 .eh_frame      0x000000000011d260       0x20 binaries/labs.o
                                         0x38 (size before relaxing)
 .eh_frame      0x000000000011d280       0x20 binaries/memcmp.o
                                         0x38 (size before relaxing)
 .eh_frame      0x000000000011d2a0       0x24 binaries/memcpy.o
                                         0x3c (size before relaxing)
 .eh_frame      0x000000000011d2c4       0x24 binaries/memset.o
                                         0x3c (size before relaxing)
 .eh_frame      0x000000000011d2e8       0x20 binaries/printf.o
                                         0x38 (size before relaxing)
 .eh_frame      0x000000000011d308       0x20 binaries/putchar.o
                                         0x38 (size before relaxing)
 .eh_frame      0x000000000011d328       0xa8 binaries/qsort.o
                                         0xc0 (size before relaxing)
 .eh_frame      0x000000000011d3d0       0x60 binaries/rand.o
                                         0x78 (size before relaxing)
 .eh_frame      0x000000000011d430       0x40 binaries/sprintf.o
                                         0x58 (size before relaxing)
 .eh_frame      0x000000000011d470       0x60 binaries/sscanf.o
                                         0x78 (size before relaxing)
 .eh_frame      0x000000000011d4d0       0x20 binaries/strchr.o
                                         0x38 (size before relaxing)
 .eh_frame      0x000000000011d4f0       0x20 binaries/strcmp.o
                                         0x38 (size before relaxing)
 .eh_frame      0x000000000011d510       0x20 binaries/strcpy.o
                                         0x38 (size before relaxing)
 .eh_frame      0x000000000011d530       0x20 binaries/strlen.o
                                         0x38 (size before relaxing)
 .eh_frame      0x000000000011d550       0x20 binaries/strncat.o
                                         0x38 (size before relaxing)
 .eh_frame      0x000000000011d570       0x20 binaries/strncmp.o
                                         0x38 (size before relaxing)
 .eh_frame      0x000000000011d590       0x28 binaries/strncpy.o
                                         0x40 (size before relaxing)
 .eh_frame      0x000000000011d5b8       0x20 binaries/strnlen.o
                                         0x38 (size before relaxing)
 .eh_frame      0x000000000011d5d8       0x20 binaries/strrchr.o
                                         0x38 (size before relaxing)
 .eh_frame      0x000000000011d5f8       0x20 binaries/strstr.o
                                         0x38 (size before relaxing)
 .eh_frame      0x000000000011d618       0x20 binaries/ttycontrol.o
                                         0x38 (size before relaxing)
 .eh_frame      0x000000000011d638       0x20 binaries/ttygetc.o
                                         0x38 (size before relaxing)
 .eh_frame      0x000000000011d658       0x80 binaries/ttyhandle_in.o
                                         0x98 (size before relaxing)
 .eh_frame      0x000000000011d6d8       0x20 binaries/ttyhandle_out.o
                                         0x38 (size before relaxing)
 .eh_frame      0x000000000011d6f8       0x20 binaries/ttyhandler.o
                                         0x38 (size before relaxing)
 .eh_frame      0x000000000011d718       0x20 binaries/ttyinit.o
                                         0x38 (size before relaxing)
 .eh_frame      0x000000000011d738       0x20 binaries/ttykickout.o
                                         0x38 (size before relaxing)
 .eh_frame      0x000000000011d758       0x20 binaries/ttyputc.o
                                         0x38 (size before relaxing)
 .eh_frame      0x000000000011d778       0x24 binaries/ttyread.o
                                         0x3c (size before relaxing)
 .eh_frame      0x000000000011d79c       0x20 binaries/ttywrite.o
                                         0x38 (size before relaxing)
 .eh_frame      0x000000000011d7bc       0x40 binaries/mount.o
                                         0x58 (size before relaxing)
 .eh_frame      0x000000000011d7fc       0x20 binaries/naminit.o
                                         0x38 (size before relaxing)
 .eh_frame      0x000000000011d81c       0x60 binaries/nammap.o
                                         0x78 (size before relaxing)
 .eh_frame      0x000000000011d87c       0x20 binaries/namopen.o
                                         0x38 (size before relaxing)
 .eh_frame      0x000000000011d89c      0x150 binaries/82545EMInit.o
                                        0x168 (size before relaxing)
 .eh_frame      0x000000000011d9ec       0xa0 binaries/ethcontrol.o
                                         0xb8 (size before relaxing)
 .eh_frame      0x000000000011da8c       0x80 binaries/ethhandler.o
                                         0x98 (size before relaxing)
 .eh_frame      0x000000000011db0c       0x20 binaries/ethinit.o
                                         0x38 (size before relaxing)
 .eh_frame      0x000000000011db2c       0x60 binaries/ethread.o
                                         0x78 (size before relaxing)
 .eh_frame      0x000000000011db8c       0x60 binaries/ethwrite.o
                                         0x78 (size before relaxing)
 .eh_frame      0x000000000011dbec       0x20 binaries/rdsbufalloc.o
                                         0x38 (size before relaxing)
 .eh_frame      0x000000000011dc0c       0x20 binaries/rdsclose.o
                                         0x38 (size before relaxing)
 .eh_frame      0x000000000011dc2c       0x20 binaries/rdscomm.o
                                         0x38 (size before relaxing)
 .eh_frame      0x000000000011dc4c       0x20 binaries/rdscontrol.o
                                         0x38 (size before relaxing)
 .eh_frame      0x000000000011dc6c       0x20 binaries/rdsinit.o
                                         0x38 (size before relaxing)
 .eh_frame      0x000000000011dc8c       0x20 binaries/rdsopen.o
                                         0x38 (size before relaxing)
 .eh_frame      0x000000000011dcac       0x1c binaries/rdsprocess.o
                                         0x34 (size before relaxing)
 .eh_frame      0x000000000011dcc8       0x20 binaries/rdsread.o
                                         0x38 (size before relaxing)
 .eh_frame      0x000000000011dce8       0x20 binaries/rdswrite.o
                                         0x38 (size before relaxing)
 .eh_frame      0x000000000011dd08       0x20 binaries/ramclose.o
                                         0x38 (size before relaxing)
 .eh_frame      0x000000000011dd28       0x20 binaries/raminit.o
                                         0x38 (size before relaxing)
 .eh_frame      0x000000000011dd48       0x20 binaries/ramopen.o
                                         0x38 (size before relaxing)
 .eh_frame      0x000000000011dd68       0x20 binaries/ramread.o
                                         0x38 (size before relaxing)
 .eh_frame      0x000000000011dd88       0x20 binaries/ramwrite.o
                                         0x38 (size before relaxing)
 .eh_frame      0x000000000011dda8       0x20 binaries/lfdballoc.o
                                         0x38 (size before relaxing)
 .eh_frame      0x000000000011ddc8       0x20 binaries/lfdbfree.o
                                         0x38 (size before relaxing)
 .eh_frame      0x000000000011dde8       0x20 binaries/lfflush.o
                                         0x38 (size before relaxing)
 .eh_frame      0x000000000011de08       0x20 binaries/lfgetmode.o
                                         0x38 (size before relaxing)
 .eh_frame      0x000000000011de28       0x20 binaries/lfiballoc.o
                                         0x38 (size before relaxing)
 .eh_frame      0x000000000011de48       0x20 binaries/lfibclear.o
                                         0x38 (size before relaxing)
 .eh_frame      0x000000000011de68       0x20 binaries/lfibget.o
                                         0x38 (size before relaxing)
 .eh_frame      0x000000000011de88       0x20 binaries/lfibput.o
                                         0x38 (size before relaxing)
 .eh_frame      0x000000000011dea8       0x20 binaries/lflclose.o
                                         0x38 (size before relaxing)
 .eh_frame      0x000000000011dec8       0x20 binaries/lflcontrol.o
                                         0x38 (size before relaxing)
 .eh_frame      0x000000000011dee8       0x20 binaries/lflgetc.o
                                         0x38 (size before relaxing)
 .eh_frame      0x000000000011df08       0x20 binaries/lflinit.o
                                         0x38 (size before relaxing)
 .eh_frame      0x000000000011df28       0x20 binaries/lflputc.o
                                         0x38 (size before relaxing)
 .eh_frame      0x000000000011df48       0x20 binaries/lflread.o
                                         0x38 (size before relaxing)
 .eh_frame      0x000000000011df68       0x20 binaries/lflseek.o
                                         0x38 (size before relaxing)
 .eh_frame      0x000000000011df88       0x20 binaries/lflwrite.o
                                         0x38 (size before relaxing)
 .eh_frame      0x000000000011dfa8       0x20 binaries/lfscheck.o
                                         0x38 (size before relaxing)
 .eh_frame      0x000000000011dfc8       0x20 binaries/lfsckfmt.o
                                         0x38 (size before relaxing)
 .eh_frame      0x000000000011dfe8       0x20 binaries/lfscreate.o
                                         0x38 (size before relaxing)
 .eh_frame      0x000000000011e008       0x20 binaries/lfsetup.o
                                         0x38 (size before relaxing)
 .eh_frame      0x000000000011e028       0x20 binaries/lfsinit.o
                                         0x38 (size before relaxing)
 .eh_frame      0x000000000011e048       0x20 binaries/lfsopen.o
                                         0x38 (size before relaxing)
 .eh_frame      0x000000000011e068       0x20 binaries/lftruncate.o
                                         0x38 (size before relaxing)
 .eh_frame      0x000000000011e088       0x20 binaries/rflclose.o
                                         0x38 (size before relaxing)
 .eh_frame      0x000000000011e0a8       0x20 binaries/rflgetc.o
                                         0x38 (size before relaxing)
 .eh_frame      0x000000000011e0c8       0x20 binaries/rflinit.o
                                         0x38 (size before relaxing)
 .eh_frame      0x000000000011e0e8       0x20 binaries/rflputc.o
                                         0x38 (size before relaxing)
 .eh_frame      0x000000000011e108       0x20 binaries/rflread.o
                                         0x38 (size before relaxing)
 .eh_frame      0x000000000011e128       0x20 binaries/rflseek.o
                                         0x38 (size before relaxing)
 .eh_frame      0x000000000011e148       0x20 binaries/rflwrite.o
                                         0x38 (size before relaxing)
 .eh_frame      0x000000000011e168       0x20 binaries/rfscomm.o
                                         0x38 (size before relaxing)
 .eh_frame      0x000000000011e188       0x20 binaries/rfscontrol.o
                                         0x38 (size before relaxing)
 .eh_frame      0x000000000011e1a8       0x20 binaries/rfsgetmode.o
                                         0x38 (size before relaxing)
 .eh_frame      0x000000000011e1c8       0x20 binaries/rfsinit.o
                                         0x38 (size before relaxing)
 .eh_frame      0x000000000011e1e8       0x20 binaries/rfsndmsg.o
                                         0x38 (size before relaxing)
 .eh_frame      0x000000000011e208       0x20 binaries/rfsopen.o
                                         0x38 (size before relaxing)
 .eh_frame      0x000000000011e228       0xc0 binaries/arp.o
                                         0xd8 (size before relaxing)
 .eh_frame      0x000000000011e2e8       0xa0 binaries/dhcp.o
                                         0xb8 (size before relaxing)
 .eh_frame      0x000000000011e388       0x80 binaries/dns.o
                                         0x98 (size before relaxing)
 .eh_frame      0x000000000011e408       0x20 binaries/dot2ip.o
                                         0x38 (size before relaxing)
 .eh_frame      0x000000000011e428       0x40 binaries/hexdump.o
                                         0x58 (size before relaxing)
 .eh_frame      0x000000000011e468      0x14c binaries/icmp.o
                                        0x164 (size before relaxing)
 .eh_frame      0x000000000011e5b4      0x11c binaries/ip.o
                                        0x134 (size before relaxing)
 .eh_frame      0x000000000011e6d0       0xa0 binaries/net.o
                                         0xb8 (size before relaxing)
 .eh_frame      0x000000000011e770       0x60 binaries/pdump.o
                                         0x78 (size before relaxing)
 .eh_frame      0x000000000011e7d0       0x60 binaries/tftp.o
                                         0x78 (size before relaxing)
 .eh_frame      0x000000000011e830      0x140 binaries/udp.o
                                        0x158 (size before relaxing)
 .eh_frame      0x000000000011e970       0x20 binaries/addargs.o
                                         0x38 (size before relaxing)
 .eh_frame      0x000000000011e990       0x20 binaries/lexan.o
                                         0x38 (size before relaxing)
 .eh_frame      0x000000000011e9b0       0x20 binaries/shell.o
                                         0x38 (size before relaxing)
 .eh_frame      0x000000000011e9d0       0x20 binaries/xsh_argecho.o
                                         0x38 (size before relaxing)
 .eh_frame      0x000000000011e9f0       0x40 binaries/xsh_arp.o
                                         0x58 (size before relaxing)
 .eh_frame      0x000000000011ea30       0x20 binaries/xsh_cat.o
                                         0x38 (size before relaxing)
 .eh_frame      0x000000000011ea50       0x20 binaries/xsh_clear.o
                                         0x38 (size before relaxing)
 .eh_frame      0x000000000011ea70       0x20 binaries/xsh_date.o
                                         0x38 (size before relaxing)
 .eh_frame      0x000000000011ea90       0x20 binaries/xsh_devdump.o
                                         0x38 (size before relaxing)
 .eh_frame      0x000000000011eab0       0x20 binaries/xsh_echo.o
                                         0x38 (size before relaxing)
 .eh_frame      0x000000000011ead0       0x20 binaries/xsh_exit.o
                                         0x38 (size before relaxing)
 .eh_frame      0x000000000011eaf0       0x20 binaries/xsh_help.o
                                         0x38 (size before relaxing)
 .eh_frame      0x000000000011eb10       0x20 binaries/xsh_kill.o
                                         0x38 (size before relaxing)
 .eh_frame      0x000000000011eb30       0x40 binaries/xsh_memdump.o
                                         0x58 (size before relaxing)
 .eh_frame      0x000000000011eb70       0x60 binaries/xsh_memstat.o
                                         0x78 (size before relaxing)
 .eh_frame      0x000000000011ebd0       0x30 binaries/xsh_netinfo.o
                                         0x48 (size before relaxing)
 .eh_frame      0x000000000011ec00       0x24 binaries/xsh_ping.o
                                         0x3c (size before relaxing)
 .eh_frame      0x000000000011ec24       0x30 binaries/xsh_ps.o
                                         0x48 (size before relaxing)
 .eh_frame      0x000000000011ec54       0x20 binaries/xsh_sleep.o
                                         0x38 (size before relaxing)
 .eh_frame      0x000000000011ec74       0x20 binaries/xsh_udpdump.o
                                         0x38 (size before relaxing)
 .eh_frame      0x000000000011ec94       0x30 binaries/xsh_udpecho.o
                                         0x48 (size before relaxing)
 .eh_frame      0x000000000011ecc4       0x24 binaries/xsh_udpserver.o
                                         0x3c (size before relaxing)
 .eh_frame      0x000000000011ece8       0x20 binaries/xsh_uptime.o
                                         0x38 (size before relaxing)

.note.gnu.property
                0x000000000011ed08       0x1c
 .note.gnu.property
                0x000000000011ed08       0x1c binaries/ethdispatch.o

.rel.dyn        0x000000000011ed24        0x0
 .rel.got       0x000000000011ed24        0x0 binaries/ethdispatch.o
 .rel.iplt      0x000000000011ed24        0x0 binaries/ethdispatch.o
 .rel.text      0x000000000011ed24        0x0 binaries/ethdispatch.o

.data           0x000000000011ed40     0x12c0
                0x000000000011ed40                data = ABSOLUTE (.)
 *(.data .data.*)
 .data          0x000000000011ed40      0x460 binaries/start.o
                0x000000000011ed40                gdt
                0x000000000011ed80                gdtr
                0x000000000011ed86                idt
                0x000000000011f186                idtr
                0x000000000011f18c                cpudelay
                0x000000000011f190                _bootdev
                0x000000000011f194                _cyloffset
 .data          0x000000000011f1a0       0x88 binaries/ascdate.o
                0x000000000011f1a0                Date
 .data          0x000000000011f228        0x0 binaries/bufinit.o
 .data          0x000000000011f228        0x0 binaries/chprio.o
 .data          0x000000000011f228        0x4 binaries/clkhandler.o
 .data          0x000000000011f22c        0x0 binaries/clkinit.o
 .data          0x000000000011f22c        0x0 binaries/close.o
 *fill*         0x000000000011f22c       0x14 
 .data          0x000000000011f240      0x5a0 binaries/conf.o
                0x000000000011f240                devtab
 .data          0x000000000011f7e0        0x0 binaries/control.o
 .data          0x000000000011f7e0        0x4 binaries/create.o
 *fill*         0x000000000011f7e4       0x1c 
 .data          0x000000000011f800       0x40 binaries/evec.o
                0x000000000011f800                inames
 .data          0x000000000011f840        0x0 binaries/exit.o
 .data          0x000000000011f840        0x0 binaries/freebuf.o
 .data          0x000000000011f840        0x0 binaries/freemem.o
 .data          0x000000000011f840        0x0 binaries/getbuf.o
 .data          0x000000000011f840        0x0 binaries/getc.o
 .data          0x000000000011f840        0x0 binaries/getdev.o
 .data          0x000000000011f840        0x0 binaries/getitem.o
 .data          0x000000000011f840        0x0 binaries/getmem.o
 .data          0x000000000011f840        0x0 binaries/getpid.o
 .data          0x000000000011f840        0x0 binaries/getprio.o
 .data          0x000000000011f840        0x0 binaries/getstk.o
 .data          0x000000000011f840        0x0 binaries/getticks.o
 .data          0x000000000011f840        0x0 binaries/gettime.o
 .data          0x000000000011f840        0x0 binaries/getutime.o
 .data          0x000000000011f840       0x40 binaries/i386.o
                0x000000000011f840                gdt_copy
 .data          0x000000000011f880        0x0 binaries/init.o
 .data          0x000000000011f880        0x0 binaries/initialize.o
 .data          0x000000000011f880        0x0 binaries/insert.o
 .data          0x000000000011f880        0x0 binaries/insertd.o
 .data          0x000000000011f880        0x0 binaries/ioerr.o
 .data          0x000000000011f880        0x0 binaries/ionull.o
 .data          0x000000000011f880        0x0 binaries/kill.o
 .data          0x000000000011f880        0x0 binaries/kprintf.o
 .data          0x000000000011f880        0x0 binaries/main.o
 .data          0x000000000011f880        0x0 binaries/mark.o
 .data          0x000000000011f880        0x0 binaries/meminit.o
 .data          0x000000000011f880        0x0 binaries/mkbufpool.o
 .data          0x000000000011f880        0x2 binaries/newqueue.o
 .data          0x000000000011f882        0x0 binaries/open.o
 .data          0x000000000011f882        0x0 binaries/panic.o
 *fill*         0x000000000011f882        0x2 
 .data          0x000000000011f884       0x10 binaries/pci.o
 .data          0x000000000011f894        0x0 binaries/print.o
 .data          0x000000000011f894        0x0 binaries/project2.o
[...]
 .comment       0x000000000000001d       0x1e binaries/dot2ip.o
 .comment       0x000000000000001d       0x1e binaries/hexdump.o
 .comment       0x000000000000001d       0x1e binaries/icmp.o
 .comment       0x000000000000001d       0x1e binaries/ip.o
 .comment       0x000000000000001d       0x1e binaries/net.o
 .comment       0x000000000000001d       0x1e binaries/pdump.o
 .comment       0x000000000000001d       0x1e binaries/tftp.o
 .comment       0x000000000000001d       0x1e binaries/udp.o
 .comment       0x000000000000001d       0x1e binaries/addargs.o
 .comment       0x000000000000001d       0x1e binaries/lexan.o
 .comment       0x000000000000001d       0x1e binaries/shell.o
 .comment       0x000000000000001d       0x1e binaries/xsh_argecho.o
 .comment       0x000000000000001d       0x1e binaries/xsh_arp.o
 .comment       0x000000000000001d       0x1e binaries/xsh_cat.o
 .comment       0x000000000000001d       0x1e binaries/xsh_clear.o
 .comment       0x000000000000001d       0x1e binaries/xsh_date.o
 .comment       0x000000000000001d       0x1e binaries/xsh_devdump.o
 .comment       0x000000000000001d       0x1e binaries/xsh_echo.o
 .comment       0x000000000000001d       0x1e binaries/xsh_exit.o
 .comment       0x000000000000001d       0x1e binaries/xsh_help.o
 .comment       0x000000000000001d       0x1e binaries/xsh_kill.o
 .comment       0x000000000000001d       0x1e binaries/xsh_memdump.o
 .comment       0x000000000000001d       0x1e binaries/xsh_memstat.o
 .comment       0x000000000000001d       0x1e binaries/xsh_netinfo.o
 .comment       0x000000000000001d       0x1e binaries/xsh_ping.o
 .comment       0x000000000000001d       0x1e binaries/xsh_ps.o
 .comment       0x000000000000001d       0x1e binaries/xsh_sleep.o
 .comment       0x000000000000001d       0x1e binaries/xsh_udpdump.o
 .comment       0x000000000000001d       0x1e binaries/xsh_udpecho.o
 .comment       0x000000000000001d       0x1e binaries/xsh_udpserver.o
 .comment       0x000000000000001d       0x1e binaries/xsh_uptime.o

.note.GNU-stack
                0x0000000000000000        0x0
 .note.GNU-stack
                0x0000000000000000        0x0 binaries/ascdate.o
 .note.GNU-stack
                0x0000000000000000        0x0 binaries/bufinit.o
 .note.GNU-stack
                0x0000000000000000        0x0 binaries/chprio.o
 .note.GNU-stack
                0x0000000000000000        0x0 binaries/clkhandler.o
 .note.GNU-stack
                0x0000000000000000        0x0 binaries/clkinit.o
 .note.GNU-stack
                0x0000000000000000        0x0 binaries/close.o
 .note.GNU-stack
                0x0000000000000000        0x0 binaries/conf.o
 .note.GNU-stack
                0x0000000000000000        0x0 binaries/control.o
 .note.GNU-stack
                0x0000000000000000        0x0 binaries/create.o
 .note.GNU-stack
                0x0000000000000000        0x0 binaries/evec.o
 .note.GNU-stack
                0x0000000000000000        0x0 binaries/exit.o
 .note.GNU-stack
                0x0000000000000000        0x0 binaries/freebuf.o
 .note.GNU-stack
                0x0000000000000000        0x0 binaries/freemem.o
 .note.GNU-stack
                0x0000000000000000        0x0 binaries/getbuf.o
 .note.GNU-stack
                0x0000000000000000        0x0 binaries/getc.o
 .note.GNU-stack
                0x0000000000000000        0x0 binaries/getdev.o
 .note.GNU-stack
                0x0000000000000000        0x0 binaries/getitem.o
 .note.GNU-stack
                0x0000000000000000        0x0 binaries/getmem.o
 .note.GNU-stack
                0x0000000000000000        0x0 binaries/getpid.o
 .note.GNU-stack
                0x0000000000000000        0x0 binaries/getprio.o
 .note.GNU-stack
                0x0000000000000000        0x0 binaries/getstk.o
 .note.GNU-stack
                0x0000000000000000        0x0 binaries/getticks.o
 .note.GNU-stack
                0x0000000000000000        0x0 binaries/gettime.o
 .note.GNU-stack
                0x0000000000000000        0x0 binaries/getutime.o
 .note.GNU-stack
                0x0000000000000000        0x0 binaries/i386.o
 .note.GNU-stack
                0x0000000000000000        0x0 binaries/init.o
 .note.GNU-stack
                0x0000000000000000        0x0 binaries/initialize.o
 .note.GNU-stack
                0x0000000000000000        0x0 binaries/insert.o
 .note.GNU-stack
                0x0000000000000000        0x0 binaries/insertd.o
 .note.GNU-stack
                0x0000000000000000        0x0 binaries/ioerr.o
 .note.GNU-stack
                0x0000000000000000        0x0 binaries/ionull.o
 .note.GNU-stack
                0x0000000000000000        0x0 binaries/kill.o
 .note.GNU-stack
                0x0000000000000000        0x0 binaries/kprintf.o
 .note.GNU-stack
                0x0000000000000000        0x0 binaries/main.o
 .note.GNU-stack
                0x0000000000000000        0x0 binaries/mark.o
 .note.GNU-stack
                0x0000000000000000        0x0 binaries/meminit.o
 .note.GNU-stack
                0x0000000000000000        0x0 binaries/mkbufpool.o
 .note.GNU-stack
                0x0000000000000000        0x0 binaries/newqueue.o
 .note.GNU-stack
                0x0000000000000000        0x0 binaries/open.o
 .note.GNU-stack
                0x0000000000000000        0x0 binaries/panic.o
 .note.GNU-stack
                0x0000000000000000        0x0 binaries/pci.o
 .note.GNU-stack
                0x0000000000000000        0x0 binaries/print.o
 .note.GNU-stack
                0x0000000000000000        0x0 binaries/project2.o
 .note.GNU-stack
                0x0000000000000000        0x0 binaries/ptclear.o
 .note.GNU-stack
                0x0000000000000000        0x0 binaries/ptcount.o
 .note.GNU-stack
                0x0000000000000000        0x0 binaries/ptcreate.o
 .note.GNU-stack
                0x0000000000000000        0x0 binaries/ptdelete.o
 .note.GNU-stack
                0x0000000000000000        0x0 binaries/ptinit.o
 .note.GNU-stack
                0x0000000000000000        0x0 binaries/ptrecv.o
 .note.GNU-stack
                0x0000000000000000        0x0 binaries/ptreset.o
 .note.GNU-stack
                0x0000000000000000        0x0 binaries/ptsend.o
 .note.GNU-stack
                0x0000000000000000        0x0 binaries/putc.o
 .note.GNU-stack
                0x0000000000000000        0x0 binaries/queue.o
 .note.GNU-stack
                0x0000000000000000        0x0 binaries/read.o
 .note.GNU-stack
                0x0000000000000000        0x0 binaries/ready.o
 .note.GNU-stack
                0x0000000000000000        0x0 binaries/receive.o
 .note.GNU-stack
                0x0000000000000000        0x0 binaries/recvclr.o
 .note.GNU-stack
                0x0000000000000000        0x0 binaries/recvtime.o
 .note.GNU-stack
                0x0000000000000000        0x0 binaries/resched.o
 .note.GNU-stack
                0x0000000000000000        0x0 binaries/resume.o
 .note.GNU-stack
                0x0000000000000000        0x0 binaries/seek.o
 .note.GNU-stack
                0x0000000000000000        0x0 binaries/semcount.o
 .note.GNU-stack
                0x0000000000000000        0x0 binaries/semcreate.o
 .note.GNU-stack
                0x0000000000000000        0x0 binaries/semdelete.o
 .note.GNU-stack
                0x0000000000000000        0x0 binaries/semreset.o
 .note.GNU-stack
                0x0000000000000000        0x0 binaries/send.o
 .note.GNU-stack
                0x0000000000000000        0x0 binaries/signal.o
 .note.GNU-stack
                0x0000000000000000        0x0 binaries/signaln.o
 .note.GNU-stack
                0x0000000000000000        0x0 binaries/sleep.o
 .note.GNU-stack
                0x0000000000000000        0x0 binaries/stacktrace.o
 .note.GNU-stack
                0x0000000000000000        0x0 binaries/suspend.o
 .note.GNU-stack
                0x0000000000000000        0x0 binaries/unsleep.o
 .note.GNU-stack
                0x0000000000000000        0x0 binaries/userret.o
 .note.GNU-stack
                0x0000000000000000        0x0 binaries/wait.o
 .note.GNU-stack
                0x0000000000000000        0x0 binaries/wakeup.o
 .note.GNU-stack
                0x0000000000000000        0x0 binaries/write.o
 .note.GNU-stack
                0x0000000000000000        0x0 binaries/xdone.o
 .note.GNU-stack
                0x0000000000000000        0x0 binaries/yield.o
 .note.GNU-stack
                0x0000000000000000        0x0 binaries/abs.o
 .note.GNU-stack
                0x0000000000000000        0x0 binaries/atoi.o
 .note.GNU-stack
                0x0000000000000000        0x0 binaries/atol.o
 .note.GNU-stack
                0x0000000000000000        0x0 binaries/bzero.o
 .note.GNU-stack
                0x0000000000000000        0x0 binaries/ctype_.o
 .note.GNU-stack
                0x0000000000000000        0x0 binaries/doprnt.o
 .note.GNU-stack
                0x0000000000000000        0x0 binaries/doscan.o
 .note.GNU-stack
                0x0000000000000000        0x0 binaries/fdoprnt.o
 .note.GNU-stack
                0x0000000000000000        0x0 binaries/fgetc.o
 .note.GNU-stack
                0x0000000000000000        0x0 binaries/fgets.o
 .note.GNU-stack
                0x0000000000000000        0x0 binaries/fprintf.o
 .note.GNU-stack
                0x0000000000000000        0x0 binaries/fputc.o
 .note.GNU-stack
                0x0000000000000000        0x0 binaries/fputs.o
 .note.GNU-stack
                0x0000000000000000        0x0 binaries/fscanf.o
 .note.GNU-stack
                0x0000000000000000        0x0 binaries/getchar.o
 .note.GNU-stack
                0x0000000000000000        0x0 binaries/labs.o
 .note.GNU-stack
                0x0000000000000000        0x0 binaries/memchr.o
 .note.GNU-stack
                0x0000000000000000        0x0 binaries/memcmp.o
 .note.GNU-stack
                0x0000000000000000        0x0 binaries/memcpy.o
 .note.GNU-stack
                0x0000000000000000        0x0 binaries/memset.o
 .note.GNU-stack
                0x0000000000000000        0x0 binaries/printf.o
 .note.GNU-stack
                0x0000000000000000        0x0 binaries/putchar.o
 .note.GNU-stack
                0x0000000000000000        0x0 binaries/qsort.o
 .note.GNU-stack
                0x0000000000000000        0x0 binaries/rand.o
 .note.GNU-stack
                0x0000000000000000        0x0 binaries/sprintf.o
 .note.GNU-stack
                0x0000000000000000        0x0 binaries/sscanf.o
 .note.GNU-stack
                0x0000000000000000        0x0 binaries/strchr.o
 .note.GNU-stack
                0x0000000000000000        0x0 binaries/strcmp.o
 .note.GNU-stack
                0x0000000000000000        0x0 binaries/strcpy.o
 .note.GNU-stack
                0x0000000000000000        0x0 binaries/strlen.o
 .note.GNU-stack
                0x0000000000000000        0x0 binaries/strncat.o
 .note.GNU-stack
                0x0000000000000000        0x0 binaries/strncmp.o
 .note.GNU-stack
                0x0000000000000000        0x0 binaries/strncpy.o
 .note.GNU-stack
                0x0000000000000000        0x0 binaries/strnlen.o
 .note.GNU-stack
                0x0000000000000000        0x0 binaries/strrchr.o
 .note.GNU-stack
                0x0000000000000000        0x0 binaries/strstr.o
 .note.GNU-stack
                0x0000000000000000        0x0 binaries/ttycontrol.o
 .note.GNU-stack
                0x0000000000000000        0x0 binaries/ttygetc.o
 .note.GNU-stack
                0x0000000000000000        0x0 binaries/ttyhandle_in.o
 .note.GNU-stack
                0x0000000000000000        0x0 binaries/ttyhandle_out.o
 .note.GNU-stack
                0x0000000000000000        0x0 binaries/ttyhandler.o
 .note.GNU-stack
                0x0000000000000000        0x0 binaries/ttyinit.o
 .note.GNU-stack
                0x0000000000000000        0x0 binaries/ttykickout.o
 .note.GNU-stack
                0x0000000000000000        0x0 binaries/ttyputc.o
 .note.GNU-stack
                0x0000000000000000        0x0 binaries/ttyread.o
 .note.GNU-stack
                0x0000000000000000        0x0 binaries/ttywrite.o
 .note.GNU-stack
                0x0000000000000000        0x0 binaries/mount.o
 .note.GNU-stack
                0x0000000000000000        0x0 binaries/naminit.o
 .note.GNU-stack
                0x0000000000000000        0x0 binaries/nammap.o
 .note.GNU-stack
                0x0000000000000000        0x0 binaries/namopen.o
 .note.GNU-stack
                0x0000000000000000        0x0 binaries/82545EMInit.o
 .note.GNU-stack
                0x0000000000000000        0x0 binaries/ethcontrol.o
 .note.GNU-stack
                0x0000000000000000        0x0 binaries/ethhandler.o
 .note.GNU-stack
                0x0000000000000000        0x0 binaries/ethinit.o
 .note.GNU-stack
                0x0000000000000000        0x0 binaries/ethread.o
 .note.GNU-stack
                0x0000000000000000        0x0 binaries/ethwrite.o
 .note.GNU-stack
                0x0000000000000000        0x0 binaries/rdsbufalloc.o
 .note.GNU-stack
                0x0000000000000000        0x0 binaries/rdsclose.o
 .note.GNU-stack
                0x0000000000000000        0x0 binaries/rdscomm.o
 .note.GNU-stack
                0x0000000000000000        0x0 binaries/rdscontrol.o
 .note.GNU-stack
                0x0000000000000000        0x0 binaries/rdsinit.o
 .note.GNU-stack
                0x0000000000000000        0x0 binaries/rdsopen.o
 .note.GNU-stack
                0x0000000000000000        0x0 binaries/rdsprocess.o
 .note.GNU-stack
                0x0000000000000000        0x0 binaries/rdsread.o
 .note.GNU-stack
                0x0000000000000000        0x0 binaries/rdswrite.o
 .note.GNU-stack
                0x0000000000000000        0x0 binaries/ramclose.o
 .note.GNU-stack
                0x0000000000000000        0x0 binaries/raminit.o
 .note.GNU-stack
                0x0000000000000000        0x0 binaries/ramopen.o
 .note.GNU-stack
                0x0000000000000000        0x0 binaries/ramread.o
 .note.GNU-stack
                0x0000000000000000        0x0 binaries/ramwrite.o
 .note.GNU-stack
                0x0000000000000000        0x0 binaries/lfdballoc.o
 .note.GNU-stack
                0x0000000000000000        0x0 binaries/lfdbfree.o
 .note.GNU-stack
                0x0000000000000000        0x0 binaries/lfflush.o
 .note.GNU-stack
                0x0000000000000000        0x0 binaries/lfgetmode.o
 .note.GNU-stack
                0x0000000000000000        0x0 binaries/lfiballoc.o
 .note.GNU-stack
                0x0000000000000000        0x0 binaries/lfibclear.o
 .note.GNU-stack
                0x0000000000000000        0x0 binaries/lfibget.o
 .note.GNU-stack
                0x0000000000000000        0x0 binaries/lfibput.o
 .note.GNU-stack
                0x0000000000000000        0x0 binaries/lflclose.o
 .note.GNU-stack
                0x0000000000000000        0x0 binaries/lflcontrol.o
 .note.GNU-stack
                0x0000000000000000        0x0 binaries/lflgetc.o
 .note.GNU-stack
                0x0000000000000000        0x0 binaries/lflinit.o
 .note.GNU-stack
                0x0000000000000000        0x0 binaries/lflputc.o
 .note.GNU-stack
                0x0000000000000000        0x0 binaries/lflread.o
 .note.GNU-stack
                0x0000000000000000        0x0 binaries/lflseek.o
 .note.GNU-stack
                0x0000000000000000        0x0 binaries/lflwrite.o
 .note.GNU-stack
                0x0000000000000000        0x0 binaries/lfscheck.o
 .note.GNU-stack
                0x0000000000000000        0x0 binaries/lfsckfmt.o
 .note.GNU-stack
                0x0000000000000000        0x0 binaries/lfscreate.o
 .note.GNU-stack
                0x0000000000000000        0x0 binaries/lfsetup.o
 .note.GNU-stack
                0x0000000000000000        0x0 binaries/lfsinit.o
 .note.GNU-stack
                0x0000000000000000        0x0 binaries/lfsopen.o
 .note.GNU-stack
                0x0000000000000000        0x0 binaries/lftruncate.o
 .note.GNU-stack
                0x0000000000000000        0x0 binaries/rflclose.o
 .note.GNU-stack
                0x0000000000000000        0x0 binaries/rflgetc.o
 .note.GNU-stack
                0x0000000000000000        0x0 binaries/rflinit.o
 .note.GNU-stack
                0x0000000000000000        0x0 binaries/rflputc.o
 .note.GNU-stack
                0x0000000000000000        0x0 binaries/rflread.o
 .note.GNU-stack
                0x0000000000000000        0x0 binaries/rflseek.o
 .note.GNU-stack
                0x0000000000000000        0x0 binaries/rflwrite.o
 .note.GNU-stack
                0x0000000000000000        0x0 binaries/rfscomm.o
 .note.GNU-stack
                0x0000000000000000        0x0 binaries/rfscontrol.o
 .note.GNU-stack
                0x0000000000000000        0x0 binaries/rfsgetmode.o
 .note.GNU-stack
                0x0000000000000000        0x0 binaries/rfsinit.o
 .note.GNU-stack
                0x0000000000000000        0x0 binaries/rfsndmsg.o
 .note.GNU-stack
                0x0000000000000000        0x0 binaries/rfsopen.o
 .note.GNU-stack
                0x0000000000000000        0x0 binaries/arp.o
 .note.GNU-stack
                0x0000000000000000        0x0 binaries/dhcp.o
 .note.GNU-stack
                0x0000000000000000        0x0 binaries/dns.o
 .note.GNU-stack
                0x0000000000000000        0x0 binaries/dot2ip.o
 .note.GNU-stack
                0x0000000000000000        0x0 binaries/hexdump.o
 .note.GNU-stack
                0x0000000000000000        0x0 binaries/icmp.o
 .note.GNU-stack
                0x0000000000000000        0x0 binaries/ip.o
 .note.GNU-stack
                0x0000000000000000        0x0 binaries/net.o
 .note.GNU-stack
                0x0000000000000000        0x0 binaries/pdump.o
 .note.GNU-stack
                0x0000000000000000        0x0 binaries/tftp.o
 .note.GNU-stack
                0x0000000000000000        0x0 binaries/udp.o
 .note.GNU-stack
                0x0000000000000000        0x0 binaries/addargs.o
 .note.GNU-stack
                0x0000000000000000        0x0 binaries/lexan.o
 .note.GNU-stack
                0x0000000000000000        0x0 binaries/shell.o
 .note.GNU-stack
                0x0000000000000000        0x0 binaries/xsh_argecho.o
 .note.GNU-stack
                0x0000000000000000        0x0 binaries/xsh_arp.o
 .note.GNU-stack
                0x0000000000000000        0x0 binaries/xsh_cat.o
 .note.GNU-stack
                0x0000000000000000        0x0 binaries/xsh_clear.o
 .note.GNU-stack
                0x0000000000000000        0x0 binaries/xsh_date.o
 .note.GNU-stack
                0x0000000000000000        0x0 binaries/xsh_devdump.o
 .note.GNU-stack
                0x0000000000000000        0x0 binaries/xsh_echo.o
 .note.GNU-stack
                0x0000000000000000        0x0 binaries/xsh_exit.o
 .note.GNU-stack
                0x0000000000000000        0x0 binaries/xsh_help.o
 .note.GNU-stack
                0x0000000000000000        0x0 binaries/xsh_kill.o
 .note.GNU-stack
                0x0000000000000000        0x0 binaries/xsh_memdump.o
 .note.GNU-stack
                0x0000000000000000        0x0 binaries/xsh_memstat.o
 .note.GNU-stack
                0x0000000000000000        0x0 binaries/xsh_netinfo.o
 .note.GNU-stack
                0x0000000000000000        0x0 binaries/xsh_ping.o
 .note.GNU-stack
                0x0000000000000000        0x0 binaries/xsh_ps.o
 .note.GNU-stack
                0x0000000000000000        0x0 binaries/xsh_sleep.o
 .note.GNU-stack
                0x0000000000000000        0x0 binaries/xsh_udpdump.o
 .note.GNU-stack
                0x0000000000000000        0x0 binaries/xsh_udpecho.o
 .note.GNU-stack
                0x0000000000000000        0x0 binaries/xsh_udpserver.o
 .note.GNU-stack
                0x0000000000000000        0x0 binaries/xsh_uptime.o
