
Allocating common symbols
Common symbol       size              file

netbufpool          0x4               binaries/net.o
readylist           0x2               binaries/ready.o
rfltab              0x5a0             binaries/rflinit.o
netportseed         0x8               binaries/net.o
sleepq              0x2               binaries/clkinit.o
b_cnt               0x4               binaries/main.o
nnames              0x4               binaries/naminit.o
prC                 0x4               binaries/main.o
udptab              0x168             binaries/udp.o
minheap             0x4               binaries/meminit.o
marks               0x50              binaries/mark.o
currpid             0x4               binaries/initialize.o
Lf_data             0x20c             binaries/lfsinit.o
porttab             0x2d0             binaries/ptinit.o
girmask             0x2               binaries/evec.o
ttytab              0x110             binaries/ttyinit.o
proctab             0x1c20            binaries/initialize.o
prcount             0x4               binaries/initialize.o
d_cnt               0x4               binaries/main.o
lfltab              0xf00             binaries/lflinit.o
prA                 0x4               binaries/main.o
rdstab              0x8c              binaries/rdsinit.o
ethertab            0x130             binaries/ethinit.o
prD                 0x4               binaries/main.o
NetData             0xb0              binaries/net.o
nmarks              0x4               binaries/mark.o
initsp              0x4               binaries/i386.o
Defer               0x8               binaries/resched.o
semtab              0x4b0             binaries/initialize.o
maxheap             0x4               binaries/meminit.o
preempt             0x4               binaries/clkinit.o
buftab              0xf0              binaries/bufinit.o
Rf_data             0x18              binaries/rfsinit.o
a_cnt               0x4               binaries/main.o
mkmutex             0x4               binaries/mark.o
c_cnt               0x4               binaries/main.o
clktime             0x4               binaries/clkinit.o
arpcache            0x140             binaries/arp.o
icmptab             0x230             binaries/icmp.o
nbpools             0x4               binaries/bufinit.o
queuetab            0x980             binaries/queue.o
ptnextid            0x4               binaries/ptinit.o
Ram                 0x19000           binaries/raminit.o
ipoqueue            0x2c              binaries/ip.o
prB                 0x4               binaries/main.o
memlist             0x8               binaries/initialize.o
nametab             0x19a0            binaries/naminit.o
ptfree              0x4               binaries/ptinit.o

Memory Configuration

Name             Origin             Length             Attributes
*default*        0x0000000000000000 0xffffffffffffffff

Linker script and memory map

                0x0000000000100000                physbase = 0x100000
                0x0000000000100000                . = physbase
                0x0000000000100000                . = ALIGN (0x1000)

.text           0x0000000000100000    0x1b000
                0x0000000000100000                text = ABSOLUTE (.)
 *(.text .text.*)
 .text          0x0000000000100000      0x165 binaries/start.o
                0x0000000000100020                entry
                0x000000000010003d                start
                0x00000000001000a5                inb
                0x00000000001000ad                inw
                0x00000000001000b6                inl
                0x00000000001000be                outb
                0x00000000001000c8                outw
                0x00000000001000d3                outl
                0x00000000001000dd                _rtcin
                0x00000000001000e8                ___udivsi3
                0x00000000001000f3                ___divsi3
                0x00000000001000ff                sbzero
                0x000000000010010f                bcopy
                0x0000000000100123                insw
                0x0000000000100139                outsw
                0x000000000010014f                lidt
                0x0000000000100157                jumptocode
                0x000000000010015e                jumptobootcode
 .text          0x0000000000100165      0x3e3 binaries/ascdate.o
                0x0000000000100165                ascdate
 .text          0x0000000000100548       0x14 binaries/bufinit.o
                0x0000000000100548                bufinit
 .text          0x000000000010055c       0x8d binaries/chprio.o
                0x000000000010055c                chprio
 .text          0x00000000001005e9       0xd4 binaries/clkhandler.o
                0x00000000001005e9                clkhandler
 .text          0x00000000001006bd       0x7e binaries/clkinit.o
                0x00000000001006bd                clkinit
 .text          0x000000000010073b       0x75 binaries/close.o
                0x000000000010073b                close
 .text          0x00000000001007b0        0x0 binaries/conf.o
 .text          0x00000000001007b0       0x7b binaries/control.o
                0x00000000001007b0                control
 .text          0x000000000010082b      0x54b binaries/create.o
                0x000000000010082b                create
                0x0000000000100aa1                create_user_process
 .text          0x0000000000100d76      0x357 binaries/evec.o
                0x0000000000100d76                initevec
                0x0000000000100dcd                set_evec
                0x0000000000100e6f                trap
 .text          0x00000000001010cd       0x19 binaries/exit.o
                0x00000000001010cd                exit
 .text          0x00000000001010e6       0x8c binaries/freebuf.o
                0x00000000001010e6                freebuf
 .text          0x0000000000101172      0x172 binaries/freemem.o
                0x0000000000101172                freemem
 .text          0x00000000001012e4       0x8a binaries/getbuf.o
                0x00000000001012e4                getbuf
 .text          0x000000000010136e       0x75 binaries/getc.o
                0x000000000010136e                getc
 .text          0x00000000001013e3       0x74 binaries/getdev.o
                0x00000000001013e3                getdev
 .text          0x0000000000101457       0xd0 binaries/getitem.o
                0x0000000000101457                getfirst
                0x000000000010149c                getlast
                0x00000000001014e3                getitem
 .text          0x0000000000101527      0x10a binaries/getmem.o
                0x0000000000101527                getmem
 .text          0x0000000000101631        0xa binaries/getpid.o
                0x0000000000101631                getpid
 .text          0x000000000010163b       0x75 binaries/getprio.o
                0x000000000010163b                getprio
 .text          0x00000000001016b0       0xfb binaries/getstk.o
                0x00000000001016b0                getstk
 .text          0x00000000001017ab       0x16 binaries/getticks.o
                0x00000000001017ab                getticks
 .text          0x00000000001017c1       0x3a binaries/gettime.o
                0x00000000001017c1                gettime
 .text          0x00000000001017fb      0x1e2 binaries/getutime.o
                0x00000000001017fb                getutime
 .text          0x00000000001019dd      0x3c5 binaries/i386.o
                0x00000000001019dd                setsegs
                0x0000000000101aef                init8259
                0x0000000000101ba1                pseg
                0x0000000000101d49                setirmask
 .text          0x0000000000101da2       0x75 binaries/init.o
                0x0000000000101da2                init
 .text          0x0000000000101e17      0x3c5 binaries/initialize.o
                0x0000000000101e17                nulluser
                0x0000000000102183                stop
                0x00000000001021ae                delay
 .text          0x00000000001021dc       0xda binaries/insert.o
                0x00000000001021dc                insert
 .text          0x00000000001022b6      0x10c binaries/insertd.o
                0x00000000001022b6                insertd
 .text          0x00000000001023c2        0xa binaries/ioerr.o
                0x00000000001023c2                ioerr
 .text          0x00000000001023cc        0xa binaries/ionull.o
                0x00000000001023cc                ionull
 .text          0x00000000001023d6      0x1aa binaries/kill.o
                0x00000000001023d6                kill
 .text          0x0000000000102580      0x14e binaries/kprintf.o
                0x0000000000102580                kputc
                0x0000000000102613                kgetc
                0x00000000001026a4                kprintf
 .text          0x00000000001026ce      0xc74 binaries/main.o
                0x00000000001026ce                compute
                0x000000000010271a                main
 .text          0x0000000000103342       0xb5 binaries/mark.o
                0x0000000000103342                markinit
                0x0000000000103366                mark
 .text          0x00000000001033f7       0xcc binaries/meminit.o
                0x00000000001033f7                meminit
 .text          0x00000000001034c3      0x174 binaries/mkbufpool.o
                0x00000000001034c3                mkbufpool
 .text          0x0000000000103637       0x94 binaries/newqueue.o
                0x0000000000103637                newqueue
 .text          0x00000000001036cb       0x7b binaries/open.o
                0x00000000001036cb                open
 .text          0x0000000000103746       0x20 binaries/panic.o
                0x0000000000103746                panic
 .text          0x0000000000103766      0x489 binaries/pci.o
                0x0000000000103766                pci_init
                0x0000000000103a23                find_pci_device
                0x0000000000103a71                pci_bios_read_config_byte
                0x0000000000103ab0                pci_bios_read_config_word
                0x0000000000103af2                pci_bios_read_config_dword
                0x0000000000103b31                pci_bios_write_config_byte
                0x0000000000103b72                pci_bios_write_config_word
                0x0000000000103bb4                pci_bios_write_config_dword
 .text          0x0000000000103bef       0xb0 binaries/print.o
                0x0000000000103bef                sync_printf
 .text          0x0000000000103c9f       0x7c binaries/project2.o
                0x0000000000103c9f                burst_execution
                0x0000000000103d09                set_tickets
 .text          0x0000000000103d1b       0xf1 binaries/ptclear.o
                0x0000000000103d1b                _ptclear
 .text          0x0000000000103e0c       0x9d binaries/ptcount.o
                0x0000000000103e0c                ptcount
 .text          0x0000000000103ea9      0x116 binaries/ptcreate.o
                0x0000000000103ea9                ptcreate
 .text          0x0000000000103fbf       0x7f binaries/ptdelete.o
                0x0000000000103fbf                ptdelete
 .text          0x000000000010403e       0xbf binaries/ptinit.o
                0x000000000010403e                ptinit
 .text          0x00000000001040fd      0x11b binaries/ptrecv.o
                0x00000000001040fd                ptrecv
 .text          0x0000000000104218       0x77 binaries/ptreset.o
                0x0000000000104218                ptreset
 .text          0x000000000010428f      0x13d binaries/ptsend.o
                0x000000000010428f                ptsend
 .text          0x00000000001043cc       0x80 binaries/putc.o
                0x00000000001043cc                putc
 .text          0x000000000010444c      0x10d binaries/queue.o
                0x000000000010444c                enqueue
                0x00000000001044ec                dequeue
 .text          0x0000000000104559       0x7b binaries/read.o
                0x0000000000104559                read
 .text          0x00000000001045d4       0xe0 binaries/ready.o
                0x00000000001045d4                ready
                0x000000000010464c                print_ready_list
 .text          0x00000000001046b4       0x60 binaries/receive.o
                0x00000000001046b4                receive
 .text          0x0000000000104714       0x5c binaries/recvclr.o
                0x0000000000104714                recvclr
 .text          0x0000000000104770       0xbb binaries/recvtime.o
                0x0000000000104770                recvtime
 .text          0x000000000010482b      0x28f binaries/resched.o
                0x000000000010482b                resched
                0x0000000000104a45                resched_cntl
 .text          0x0000000000104aba       0xaa binaries/resume.o
                0x0000000000104aba                resume
 .text          0x0000000000104b64       0x79 binaries/seek.o
                0x0000000000104b64                seek
 .text          0x0000000000104bdd       0x70 binaries/semcount.o
                0x0000000000104bdd                semcount
 .text          0x0000000000104c4d       0xd6 binaries/semcreate.o
                0x0000000000104c4d                semcreate
 .text          0x0000000000104d23       0xcd binaries/semdelete.o
                0x0000000000104d23                semdelete
 .text          0x0000000000104df0       0xcb binaries/semreset.o
                0x0000000000104df0                semreset
 .text          0x0000000000104ebb       0xe6 binaries/send.o
                0x0000000000104ebb                send
 .text          0x0000000000104fa1       0xa8 binaries/signal.o
                0x0000000000104fa1                signal
 .text          0x0000000000105049       0xd6 binaries/signaln.o
                0x0000000000105049                signaln
 .text          0x000000000010511f       0xea binaries/sleep.o
                0x000000000010511f                sleep
                0x000000000010516d                sleepms
 .text          0x0000000000105209      0x18b binaries/stacktrace.o
                0x0000000000105209                stacktrace
 .text          0x0000000000105394       0xe0 binaries/suspend.o
                0x0000000000105394                suspend
 .text          0x0000000000105474       0xe2 binaries/unsleep.o
                0x0000000000105474                unsleep
 .text          0x0000000000105556       0x19 binaries/userret.o
                0x0000000000105556                userret
 .text          0x000000000010556f       0xdb binaries/wait.o
                0x000000000010556f                wait
 .text          0x000000000010564a       0x72 binaries/wakeup.o
                0x000000000010564a                wakeup
 .text          0x00000000001056bc       0x7b binaries/write.o
                0x00000000001056bc                write
 .text          0x0000000000105737       0x1d binaries/xdone.o
                0x0000000000105737                xdone
 .text          0x0000000000105754       0x28 binaries/yield.o
                0x0000000000105754                yield
 .text          0x000000000010577c       0x11 binaries/abs.o
                0x000000000010577c                abs
 .text          0x000000000010578d       0x8f binaries/atoi.o
                0x000000000010578d                atoi
 .text          0x000000000010581c       0x8f binaries/atol.o
                0x000000000010581c                atol
 .text          0x00000000001058ab       0x31 binaries/bzero.o
                0x00000000001058ab                bzero
 .text          0x00000000001058dc        0x0 binaries/ctype_.o
 .text          0x00000000001058dc      0x8ed binaries/doprnt.o
                0x00000000001058dc                _doprnt
 .text          0x00000000001061c9      0x65c binaries/doscan.o
                0x00000000001061c9                _doscan
 .text          0x0000000000106825      0x711 binaries/fdoprnt.o
                0x0000000000106825                _fdoprnt
 .text          0x0000000000106f36       0x29 binaries/fgetc.o
                0x0000000000106f36                fgetc
 .text          0x0000000000106f5f       0x75 binaries/fgets.o
                0x0000000000106f5f                fgets
 .text          0x0000000000106fd4       0x2a binaries/fprintf.o
                0x0000000000106fd4                fprintf
 .text          0x0000000000106ffe       0x2c binaries/fputc.o
                0x0000000000106ffe                fputc
 .text          0x000000000010702a       0x43 binaries/fputs.o
                0x000000000010702a                fputs
 .text          0x000000000010706d       0x8a binaries/fscanf.o
                0x000000000010706d                fscanf
 .text          0x00000000001070f7       0x31 binaries/getchar.o
                0x00000000001070f7                getchar
 .text          0x0000000000107128       0x11 binaries/labs.o
                0x0000000000107128                labs
 .text          0x0000000000107139        0x0 binaries/memchr.o
 .text          0x0000000000107139       0x51 binaries/memcmp.o
                0x0000000000107139                memcmp
 .text          0x000000000010718a       0x3f binaries/memcpy.o
                0x000000000010718a                memcpy
 .text          0x00000000001071c9       0x30 binaries/memset.o
                0x00000000001071c9                memset
 .text          0x00000000001071f9       0x47 binaries/printf.o
                0x00000000001071f9                printf
 .text          0x0000000000107240       0x34 binaries/putchar.o
                0x0000000000107240                putchar
 .text          0x0000000000107274      0x27e binaries/qsort.o
                0x0000000000107274                qsort
 .text          0x00000000001074f2       0x63 binaries/rand.o
                0x00000000001074f2                rand
                0x000000000010750a                rand_r
                0x0000000000107548                srand
 .text          0x0000000000107555       0x66 binaries/sprintf.o
                0x0000000000107555                sprintf
 .text          0x00000000001075bb       0x70 binaries/sscanf.o
                0x00000000001075bb                sscanf
 .text          0x000000000010762b       0x3c binaries/strchr.o
                0x000000000010762b                strchr
 .text          0x0000000000107667       0x45 binaries/strcmp.o
                0x0000000000107667                strcmp
 .text          0x00000000001076ac       0x27 binaries/strcpy.o
                0x00000000001076ac                strcpy
 .text          0x00000000001076d3       0x26 binaries/strlen.o
                0x00000000001076d3                strlen
 .text          0x00000000001076f9       0x56 binaries/strncat.o
                0x00000000001076f9                strncat
 .text          0x000000000010774f       0x5f binaries/strncmp.o
                0x000000000010774f                strncmp
 .text          0x00000000001077ae       0x4f binaries/strncpy.o
                0x00000000001077ae                strncpy
 .text          0x00000000001077fd       0x2e binaries/strnlen.o
                0x00000000001077fd                strnlen
 .text          0x000000000010782b       0x45 binaries/strrchr.o
                0x000000000010782b                strrchr
 .text          0x0000000000107870       0x6d binaries/strstr.o
                0x0000000000107870                strstr
 .text          0x00000000001078dd       0xe4 binaries/ttycontrol.o
                0x00000000001078dd                ttycontrol
 .text          0x00000000001079c1       0x97 binaries/ttygetc.o
                0x00000000001079c1                ttygetc
 .text          0x0000000000107a58      0x6ee binaries/ttyhandle_in.o
                0x0000000000107a58                ttyhandle_in
 .text          0x0000000000108146      0x1ae binaries/ttyhandle_out.o
                0x0000000000108146                ttyhandle_out
 .text          0x00000000001082f4       0xce binaries/ttyhandler.o
                0x00000000001082f4                ttyhandler
 .text          0x00000000001083c2      0x22f binaries/ttyinit.o
                0x00000000001083c2                ttyinit
 .text          0x00000000001085f1       0x1b binaries/ttykickout.o
                0x00000000001085f1                ttykickout
 .text          0x000000000010860c       0xb7 binaries/ttyputc.o
                0x000000000010860c                ttyputc
 .text          0x00000000001086c3      0x11b binaries/ttyread.o
                0x00000000001086c3                ttyread
 .text          0x00000000001087de       0x4f binaries/ttywrite.o
                0x00000000001087de                ttywrite
 .text          0x000000000010882d      0x14b binaries/mount.o
                0x000000000010882d                mount
                0x0000000000108942                namlen
 .text          0x0000000000108978      0x1ea binaries/naminit.o
                0x0000000000108978                naminit
 .text          0x0000000000108b62      0x211 binaries/nammap.o
                0x0000000000108b62                nammap
                0x0000000000108bed                namrepl
                0x0000000000108d23                namcpy
 .text          0x0000000000108d73       0x4e binaries/namopen.o
                0x0000000000108d73                namopen
 .text          0x0000000000108dc1      0xec3 binaries/82545EMInit.o
                0x0000000000108e1f                _82545EMInit
                0x0000000000109af0                _82545EM_read_phy_reg
                0x0000000000109bb6                _82545EM_write_phy_reg
 .text          0x0000000000109c84      0x241 binaries/ethcontrol.o
                0x0000000000109ce2                ethcontrol
                0x0000000000109e58                ethIrqDisable
                0x0000000000109e8d                ethIrqEnable
 .text          0x0000000000109ec5      0x252 binaries/ethhandler.o
                0x000000000010a035                ethhandler
 .text          0x000000000010a117      0x126 binaries/ethinit.o
                0x000000000010a117                ethinit
 .text          0x000000000010a23d      0x1f4 binaries/ethread.o
                0x000000000010a29b                ethread
 .text          0x000000000010a431      0x19f binaries/ethwrite.o
                0x000000000010a48f                ethwrite
 .text          0x000000000010a5d0       0x9e binaries/rdsbufalloc.o
                0x000000000010a5d0                rdsbufalloc
 .text          0x000000000010a66e       0xcc binaries/rdsclose.o
                0x000000000010a66e                rdsclose
 .text          0x000000000010a73a      0x2e8 binaries/rdscomm.o
                0x000000000010a73a                rdscomm
 .text          0x000000000010aa22      0x233 binaries/rdscontrol.o
                0x000000000010aa22                rdscontrol
 .text          0x000000000010ac55      0x1f3 binaries/rdsinit.o
                0x000000000010ac55                rdsinit
 .text          0x000000000010ae48      0x19b binaries/rdsopen.o
                0x000000000010ae48                rdsopen
 .text          0x000000000010afe3      0x461 binaries/rdsprocess.o
                0x000000000010afe3                rdsprocess
 .text          0x000000000010b444      0x259 binaries/rdsread.o
                0x000000000010b444                rdsread
 .text          0x000000000010b69d      0x1fe binaries/rdswrite.o
                0x000000000010b69d                rdswrite
 .text          0x000000000010b89b        0xa binaries/ramclose.o
                0x000000000010b89b                ramclose
 .text          0x000000000010b8a5       0x3e binaries/raminit.o
                0x000000000010b8a5                raminit
 .text          0x000000000010b8e3        0xa binaries/ramopen.o
                0x000000000010b8e3                ramopen
 .text          0x000000000010b8ed       0x32 binaries/ramread.o
                0x000000000010b8ed                ramread
 .text          0x000000000010b91f       0x32 binaries/ramwrite.o
                0x000000000010b91f                ramwrite
 .text          0x000000000010b951       0x98 binaries/lfdballoc.o
                0x000000000010b951                lfdballoc
 .text          0x000000000010b9e9       0x58 binaries/lfdbfree.o
                0x000000000010b9e9                lfdbfree
 .text          0x000000000010ba41       0xb6 binaries/lfflush.o
                0x000000000010ba41                lfflush
 .text          0x000000000010baf7       0xd8 binaries/lfgetmode.o
                0x000000000010baf7                lfgetmode
 .text          0x000000000010bbcf       0x68 binaries/lfiballoc.o
                0x000000000010bbcf                lfiballoc
 .text          0x000000000010bc37       0x3b binaries/lfibclear.o
                0x000000000010bc37                lfibclear
 .text          0x000000000010bc72       0xad binaries/lfibget.o
                0x000000000010bc72                lfibget
 .text          0x000000000010bd1f       0xdc binaries/lfibput.o
                0x000000000010bd1f                lfibput
 .text          0x000000000010bdfb       0xa2 binaries/lflclose.o
                0x000000000010bdfb                lflclose
 .text          0x000000000010be9d       0xd0 binaries/lflcontrol.o
                0x000000000010be9d                lflcontrol
 .text          0x000000000010bf6d       0xf2 binaries/lflgetc.o
                0x000000000010bf6d                lflgetc
 .text          0x000000000010c05f       0xf1 binaries/lflinit.o
                0x000000000010c05f                lflinit
 .text          0x000000000010c150      0x122 binaries/lflputc.o
                0x000000000010c150                lflputc
 .text          0x000000000010c272       0x70 binaries/lflread.o
                0x000000000010c272                lflread
 .text          0x000000000010c2e2       0xac binaries/lflseek.o
                0x000000000010c2e2                lflseek
 .text          0x000000000010c38e       0x55 binaries/lflwrite.o
                0x000000000010c38e                lflwrite
 .text          0x000000000010c3e3       0x62 binaries/lfscheck.o
                0x000000000010c3e3                lfscheck
 .text          0x000000000010c445      0x175 binaries/lfsckfmt.o
                0x000000000010c445                lfsckfmt
 .text          0x000000000010c5ba      0x1ad binaries/lfscreate.o
                0x000000000010c5ba                lfscreate
 .text          0x000000000010c767      0x278 binaries/lfsetup.o
                0x000000000010c767                lfsetup
 .text          0x000000000010c9df       0x51 binaries/lfsinit.o
                0x000000000010c9df                lfsinit
 .text          0x000000000010ca30      0x3c0 binaries/lfsopen.o
                0x000000000010ca30                lfsopen
 .text          0x000000000010cdf0      0x15e binaries/lftruncate.o
                0x000000000010cdf0                lftruncate
 .text          0x000000000010cf4e       0x71 binaries/rflclose.o
                0x000000000010cf4e                rflclose
 .text          0x000000000010cfbf       0x32 binaries/rflgetc.o
                0x000000000010cfbf                rflgetc
 .text          0x000000000010cff1       0x76 binaries/rflinit.o
                0x000000000010cff1                rflinit
 .text          0x000000000010d067       0x33 binaries/rflputc.o
                0x000000000010d067                rflputc
 .text          0x000000000010d09a      0x360 binaries/rflread.o
                0x000000000010d09a                rflread
 .text          0x000000000010d3fa       0x74 binaries/rflseek.o
                0x000000000010d3fa                rflseek
 .text          0x000000000010d46e      0x34d binaries/rflwrite.o
                0x000000000010d46e                rflwrite
 .text          0x000000000010d7bb      0x1e2 binaries/rfscomm.o
                0x000000000010d7bb                rfscomm
 .text          0x000000000010d99d      0x26d binaries/rfscontrol.o
                0x000000000010d99d                rfscontrol
 .text          0x000000000010dc0a       0xd8 binaries/rfsgetmode.o
                0x000000000010dc0a                rfsgetmode
 .text          0x000000000010dce2       0x86 binaries/rfsinit.o
                0x000000000010dce2                rfsinit
 .text          0x000000000010dd68      0x111 binaries/rfsndmsg.o
                0x000000000010dd68                rfsndmsg
 .text          0x000000000010de79      0x2aa binaries/rfsopen.o
                0x000000000010de79                rfsopen
 .text          0x000000000010e123      0x836 binaries/arp.o
                0x000000000010e123                arp_init
                0x000000000010e155                arp_resolve
                0x000000000010e409                arp_in
                0x000000000010e6c1                arp_alloc
                0x000000000010e781                arp_ntoh
                0x000000000010e86d                arp_hton
 .text          0x000000000010e959      0x8e3 binaries/dhcp.o
                0x000000000010e959                dhcp_get_opt_val
                0x000000000010e9b2                dhcp_bld_bootp_msg
                0x000000000010eabf                dhcp_bld_disc
                0x000000000010eba8                dhcp_bld_req
                0x000000000010ed1a                getlocalip
 .text          0x000000000010f23c      0x59f binaries/dns.o
                0x000000000010f23c                dnslookup
 .text          0x000000000010f7db       0xe8 binaries/dot2ip.o
                0x000000000010f7db                dot2ip
 .text          0x000000000010f8c3      0x4c4 binaries/hexdump.o
                0x000000000010f8c3                hexdump
                0x000000000010fa6a                hexadump
 .text          0x000000000010fd87      0x8af binaries/icmp.o
                0x000000000010fd87                icmp_init
                0x000000000010fdbe                icmp_in
                0x000000000010ff94                icmp_register
                0x000000000011008f                icmp_recv
                0x000000000011021b                icmp_send
                0x00000000001102a3                icmp_mkpkt
                0x00000000001103bd                icmp_release
                0x00000000001104bb                icmp_cksum
                0x000000000011054e                icmp_hton
                0x00000000001105c2                icmp_ntoh
 .text          0x0000000000110636      0x8a5 binaries/ip.o
                0x0000000000110636                ip_in
                0x00000000001107ba                ip_send
                0x0000000000110915                ip_local
                0x0000000000110961                ip_out
                0x0000000000110a9a                ipcksum
                0x0000000000110b20                ip_ntoh
                0x0000000000110c0c                ip_hton
                0x0000000000110cf8                ipout
                0x0000000000110e27                ip_enqueue
 .text          0x0000000000110edb      0x2cd binaries/net.o
                0x0000000000110edb                net_init
                0x0000000000111003                netin
                0x00000000001110c0                eth_hton
                0x00000000001110ea                eth_ntoh
                0x0000000000111114                getport
 .text          0x00000000001111a8     0x147f binaries/pdump.o
                0x00000000001111a8                pdump
                0x0000000000111f65                pdumph
 .text          0x0000000000112627      0x613 binaries/tftp.o
                0x0000000000112627                tftp_send1
                0x000000000011279f                tftpget
                0x00000000001127d1                tftpget_mb
 .text          0x0000000000112c3a      0xb82 binaries/udp.o
                0x0000000000112c3a                udp_init
                0x0000000000112c6f                udp_in
                0x0000000000112db1                udp_register
                0x0000000000112eee                udp_recv
                0x000000000011308a                udp_recvaddr
                0x000000000011323e                udp_send
                0x0000000000113426                udp_sendto
                0x00000000001135d7                udp_release
                0x00000000001136d2                udp_ntoh
                0x0000000000113747                udp_hton
 .text          0x00000000001137bc      0x138 binaries/addargs.o
                0x00000000001137bc                addargs
 .text          0x00000000001138f4      0x2c9 binaries/lexan.o
                0x00000000001138f4                lexan
 .text          0x0000000000113bbd      0x663 binaries/shell.o
                0x0000000000113bbd                shell
 .text          0x0000000000114220       0x69 binaries/xsh_argecho.o
                0x0000000000114220                xsh_argecho
 .text          0x0000000000114289      0x275 binaries/xsh_arp.o
                0x0000000000114289                xsh_arp
 .text          0x00000000001144fe      0x26f binaries/xsh_cat.o
                0x00000000001144fe                xsh_cat
 .text          0x000000000011476d       0x5e binaries/xsh_clear.o
                0x000000000011476d                xsh_clear
 .text          0x00000000001147cb      0x2f7 binaries/xsh_date.o
                0x00000000001147cb                xsh_date
 .text          0x0000000000114ac2       0xae binaries/xsh_devdump.o
                0x0000000000114ac2                xsh_devdump
 .text          0x0000000000114b70       0x72 binaries/xsh_echo.o
                0x0000000000114b70                xsh_echo
 .text          0x0000000000114be2        0xa binaries/xsh_exit.o
                0x0000000000114be2                xsh_exit
 .text          0x0000000000114bec      0x389 binaries/xsh_help.o
                0x0000000000114bec                xsh_help
 .text          0x0000000000114f75      0x249 binaries/xsh_kill.o
                0x0000000000114f75                xsh_kill
 .text          0x00000000001151be      0x545 binaries/xsh_memdump.o
                0x00000000001151be                xsh_memdump
 .text          0x0000000000115703      0x2a7 binaries/xsh_memstat.o
                0x0000000000115703                xsh_memstat
 .text          0x00000000001159aa      0x50d binaries/xsh_netinfo.o
                0x00000000001159aa                xsh_netinfo
 .text          0x0000000000115eb7      0x48f binaries/xsh_ping.o
                0x0000000000115eb7                xsh_ping
 .text          0x0000000000116346      0x220 binaries/xsh_ps.o
                0x0000000000116346                xsh_ps
 .text          0x0000000000116566      0x225 binaries/xsh_sleep.o
                0x0000000000116566                xsh_sleep
 .text          0x000000000011678b      0x27a binaries/xsh_udpdump.o
                0x000000000011678b                xsh_udpdump
 .text          0x0000000000116a05      0x4bf binaries/xsh_udpecho.o
                0x0000000000116a05                xsh_udpecho
 .text          0x0000000000116ec4      0x2b0 binaries/xsh_udpserver.o
                0x0000000000116ec4                xsh_udpeserver
 .text          0x0000000000117174      0x1f3 binaries/xsh_uptime.o
                0x0000000000117174                xsh_uptime
 .text          0x0000000000117367        0xe binaries/clkdisp.o
                0x0000000000117367                clkdisp
 .text          0x0000000000117375       0x19 binaries/ctxsw.o
                0x0000000000117375                ctxsw
 .text          0x000000000011738e      0x368 binaries/intr.o
                0x000000000011738e                disable
                0x0000000000117397                restore
                0x00000000001173a5                enable
                0x00000000001173a7                pause
                0x00000000001173ae                halt
                0x00000000001173b1                spurious_irq7
                0x00000000001173b6                spurious_irq15
                0x00000000001173c5                _Xint0
                0x00000000001173d0                _Xint1
                0x00000000001173db                _Xint2
                0x00000000001173e6                _Xint3
                0x00000000001173f1                _Xint4
                0x00000000001173fc                _Xint5
                0x0000000000117407                _Xint6
                0x0000000000117412                _Xint7
                0x000000000011741d                _Xint8
                0x0000000000117428                _Xint9
                0x0000000000117433                _Xint10
                0x000000000011743e                _Xint11
                0x000000000011744c                _Xint12
                0x000000000011745a                _Xint13
                0x0000000000117468                _Xint14
                0x0000000000117476                _Xint15
                0x0000000000117484                _Xint16
                0x0000000000117492                _Xint17
                0x00000000001174a0                _Xint18
                0x00000000001174ae                _Xint19
                0x00000000001174bc                _Xint20
                0x00000000001174ca                _Xint21
                0x00000000001174d8                _Xint22
                0x00000000001174e6                _Xint23
                0x00000000001174f4                _Xint24
                0x0000000000117502                _Xint25
                0x0000000000117510                _Xint26
                0x000000000011751e                _Xint27
                0x000000000011752c                _Xint28
                0x000000000011753a                _Xint29
                0x0000000000117548                _Xint30
                0x0000000000117556                _Xint31
                0x0000000000117564                _Xint32
                0x0000000000117572                _Xint33
                0x0000000000117580                _Xint34
                0x000000000011758e                _Xint35
                0x000000000011759c                _Xint36
                0x00000000001175aa                _Xint37
                0x00000000001175b8                _Xint38
                0x00000000001175c6                _Xint39
                0x00000000001175d4                _Xint40
                0x00000000001175e2                _Xint41
                0x00000000001175f0                _Xint42
                0x00000000001175fe                _Xint43
                0x000000000011760c                _Xint44
                0x000000000011761a                _Xint45
                0x0000000000117628                _Xint46
                0x0000000000117636                defevec
 .text          0x00000000001176f6        0xf binaries/ttydispatch.o
                0x00000000001176f6                ttydispatch
 .text          0x0000000000117705       0x13 binaries/ethdispatch.o
                0x0000000000117705                ethdispatch
 *(.rodata .rodata.*)
 .rodata        0x0000000000117718       0x8e binaries/ascdate.o
 .rodata        0x00000000001177a6       0xae binaries/conf.o
 .rodata        0x0000000000117854      0x22f binaries/evec.o
 *fill*         0x0000000000117a83        0x1 
 .rodata        0x0000000000117a84       0x61 binaries/getutime.o
 *fill*         0x0000000000117ae5        0x3 
 .rodata        0x0000000000117ae8       0x90 binaries/i386.o
 .rodata        0x0000000000117b78      0x181 binaries/initialize.o
 *fill*         0x0000000000117cf9        0x3 
 .rodata        0x0000000000117cfc       0x20 binaries/kill.o
 *fill*         0x0000000000117d1c        0x4 
 .rodata        0x0000000000117d20      0x1d8 binaries/main.o
 .rodata        0x0000000000117ef8        0xf binaries/panic.o
 *fill*         0x0000000000117f07        0x1 
 .rodata        0x0000000000117f08      0x1ec binaries/pci.o
 .rodata        0x00000000001180f4       0x1b binaries/project2.o
 .rodata        0x000000000011810f       0x1d binaries/ptinit.o
 .rodata        0x000000000011812c       0x25 binaries/ptsend.o
 .rodata        0x0000000000118151        0xb binaries/ready.o
 .rodata        0x000000000011815c       0xb7 binaries/stacktrace.o
 *fill*         0x0000000000118213        0x1 
 .rodata        0x0000000000118214       0x27 binaries/xdone.o
 *fill*         0x000000000011823b        0x5 
 .rodata        0x0000000000118240       0x81 binaries/ctype_.o
                0x0000000000118240                _ctype_
 *fill*         0x00000000001182c1        0x3 
 .rodata        0x00000000001182c4       0xee binaries/doprnt.o
 *fill*         0x00000000001183b2        0x2 
 .rodata        0x00000000001183b4       0x98 binaries/doscan.o
 .rodata        0x000000000011844c       0xae binaries/fdoprnt.o
 *fill*         0x00000000001184fa        0x2 
 .rodata        0x00000000001184fc       0x20 binaries/ttycontrol.o
 .rodata        0x000000000011851c       0x34 binaries/ttyhandler.o
 .rodata        0x0000000000118550       0x80 binaries/naminit.o
 .rodata        0x00000000001185d0       0x2e binaries/82545EMInit.o
 *fill*         0x00000000001185fe        0x2 
 .rodata        0x0000000000118600       0x78 binaries/ethinit.o
 .rodata        0x0000000000118678       0x18 binaries/ethread.o
 .rodata        0x0000000000118690       0x2c binaries/rdsbufalloc.o
 .rodata        0x00000000001186bc       0x76 binaries/rdscomm.o
 *fill*         0x0000000000118732        0x2 
 .rodata        0x0000000000118734       0x48 binaries/rdscontrol.o
 .rodata        0x000000000011877c       0x96 binaries/rdsinit.o
 *fill*         0x0000000000118812        0x2 
 .rodata        0x0000000000118814       0x22 binaries/rdsopen.o
 *fill*         0x0000000000118836        0x2 
 .rodata        0x0000000000118838       0x4d binaries/rdsprocess.o
 .rodata        0x0000000000118885        0x9 binaries/raminit.o
 *fill*         0x000000000011888e        0x2 
 .rodata        0x0000000000118890       0x37 binaries/lfdballoc.o
 .rodata        0x00000000001188c7       0x14 binaries/lfiballoc.o
 *fill*         0x00000000001188db        0x1 
 .rodata        0x00000000001188dc       0x23 binaries/lflcontrol.o
 *fill*         0x00000000001188ff        0x1 
 .rodata        0x0000000000118900      0x11b binaries/lfsckfmt.o
 *fill*         0x0000000000118a1b        0x1 
 .rodata        0x0000000000118a1c       0x2a binaries/lfsopen.o
 *fill*         0x0000000000118a46        0x2 
 .rodata        0x0000000000118a48       0x21 binaries/rflread.o
 *fill*         0x0000000000118a69        0x3 
 .rodata        0x0000000000118a6c       0x21 binaries/rflwrite.o
 *fill*         0x0000000000118a8d        0x3 
 .rodata        0x0000000000118a90       0x75 binaries/rfscomm.o
 *fill*         0x0000000000118b05        0x3 
 .rodata        0x0000000000118b08       0x3c binaries/rfscontrol.o
 .rodata        0x0000000000118b44       0x63 binaries/rfsinit.o
 *fill*         0x0000000000118ba7        0x1 
 .rodata        0x0000000000118ba8       0x2a binaries/rfsndmsg.o
 *fill*         0x0000000000118bd2        0x2 
 .rodata        0x0000000000118bd4       0x22 binaries/rfsopen.o
 *fill*         0x0000000000118bf6        0x2 
 .rodata        0x0000000000118bf8       0x3a binaries/arp.o
 *fill*         0x0000000000118c32        0x2 
 .rodata        0x0000000000118c34       0xcf binaries/dhcp.o
 .rodata        0x0000000000118d03       0x1a binaries/dns.o
 *fill*         0x0000000000118d1d        0x3 
 .rodata        0x0000000000118d20       0xc9 binaries/hexdump.o
 *fill*         0x0000000000118de9        0x3 
 .rodata        0x0000000000118dec       0x29 binaries/icmp.o
 *fill*         0x0000000000118e15        0x3 
 .rodata        0x0000000000118e18       0x6e binaries/ip.o
 *fill*         0x0000000000118e86        0x2 
 .rodata        0x0000000000118e88       0x4f binaries/net.o
 *fill*         0x0000000000118ed7        0x1 
 .rodata        0x0000000000118ed8      0x26f binaries/pdump.o
 *fill*         0x0000000000119147        0x1 
 .rodata        0x0000000000119148      0x154 binaries/tftp.o
 *fill*         0x000000000011929c        0x4 
 .rodata        0x00000000001192a0      0x3c1 binaries/shell.o
                0x0000000000119320                cmdtab
 .rodata        0x0000000000119661       0x28 binaries/xsh_argecho.o
 *fill*         0x0000000000119689        0x3 
 .rodata        0x000000000011968c      0x123 binaries/xsh_arp.o
 *fill*         0x00000000001197af        0x1 
 .rodata        0x00000000001197b0       0xc9 binaries/xsh_cat.o
 .rodata        0x0000000000119879       0x19 binaries/xsh_clear.o
 *fill*         0x0000000000119892        0x2 
 .rodata        0x0000000000119894      0x1c3 binaries/xsh_date.o
 .rodata        0x0000000000119a57       0x5d binaries/xsh_devdump.o
 .rodata        0x0000000000119ab4        0x9 binaries/xsh_echo.o
 *fill*         0x0000000000119abd        0x3 
 .rodata        0x0000000000119ac0      0x169 binaries/xsh_help.o
 *fill*         0x0000000000119c29        0x3 
 .rodata        0x0000000000119c2c      0x12e binaries/xsh_kill.o
 *fill*         0x0000000000119d5a        0x2 
 .rodata        0x0000000000119d5c      0x266 binaries/xsh_memdump.o
 *fill*         0x0000000000119fc2        0x2 
 .rodata        0x0000000000119fc4      0x225 binaries/xsh_memstat.o
 *fill*         0x000000000011a1e9        0x3 
 .rodata        0x000000000011a1ec      0x1b0 binaries/xsh_netinfo.o
 .rodata        0x000000000011a39c      0x1a1 binaries/xsh_ping.o
 *fill*         0x000000000011a53d        0x3 
 .rodata        0x000000000011a540      0x1e0 binaries/xsh_ps.o
 .rodata        0x000000000011a720       0xeb binaries/xsh_sleep.o
 *fill*         0x000000000011a80b        0x1 
 .rodata        0x000000000011a80c      0x1b8 binaries/xsh_udpdump.o
 .rodata        0x000000000011a9c4      0x215 binaries/xsh_udpecho.o
 *fill*         0x000000000011abd9        0x3 
 .rodata        0x000000000011abdc      0x12b binaries/xsh_udpserver.o
 *fill*         0x000000000011ad07        0x1 
 .rodata        0x000000000011ad08      0x105 binaries/xsh_uptime.o
                0x000000000011ae0d                etext = ABSOLUTE (.)
                0x000000000011b000                . = ALIGN (0x1000)
 *fill*         0x000000000011ae0d      0x1f3 

.iplt           0x000000000011b000        0x0
 .iplt          0x000000000011b000        0x0 binaries/ethdispatch.o

.eh_frame       0x000000000011b000     0x2d08
 .eh_frame      0x000000000011b000       0x38 binaries/ascdate.o
 .eh_frame      0x000000000011b038       0x20 binaries/bufinit.o
                                         0x38 (size before relaxing)
 .eh_frame      0x000000000011b058       0x20 binaries/chprio.o
                                         0x38 (size before relaxing)
 .eh_frame      0x000000000011b078       0x20 binaries/clkhandler.o
                                         0x38 (size before relaxing)
 .eh_frame      0x000000000011b098       0x20 binaries/clkinit.o
                                         0x38 (size before relaxing)
 .eh_frame      0x000000000011b0b8       0x20 binaries/close.o
                                         0x38 (size before relaxing)
 .eh_frame      0x000000000011b0d8       0x20 binaries/control.o
                                         0x38 (size before relaxing)
 .eh_frame      0x000000000011b0f8       0x60 binaries/create.o
                                         0x78 (size before relaxing)
 .eh_frame      0x000000000011b158       0x60 binaries/evec.o
                                         0x78 (size before relaxing)
 .eh_frame      0x000000000011b1b8       0x20 binaries/exit.o
                                         0x38 (size before relaxing)
 .eh_frame      0x000000000011b1d8       0x20 binaries/freebuf.o
                                         0x38 (size before relaxing)
 .eh_frame      0x000000000011b1f8       0x20 binaries/freemem.o
                                         0x38 (size before relaxing)
 .eh_frame      0x000000000011b218       0x20 binaries/getbuf.o
                                         0x38 (size before relaxing)
 .eh_frame      0x000000000011b238       0x20 binaries/getc.o
                                         0x38 (size before relaxing)
 .eh_frame      0x000000000011b258       0x20 binaries/getdev.o
                                         0x38 (size before relaxing)
 .eh_frame      0x000000000011b278       0x60 binaries/getitem.o
                                         0x78 (size before relaxing)
 .eh_frame      0x000000000011b2d8       0x20 binaries/getmem.o
                                         0x38 (size before relaxing)
 .eh_frame      0x000000000011b2f8       0x20 binaries/getpid.o
                                         0x38 (size before relaxing)
 .eh_frame      0x000000000011b318       0x20 binaries/getprio.o
                                         0x38 (size before relaxing)
 .eh_frame      0x000000000011b338       0x20 binaries/getstk.o
                                         0x38 (size before relaxing)
 .eh_frame      0x000000000011b358       0x20 binaries/getticks.o
                                         0x38 (size before relaxing)
 .eh_frame      0x000000000011b378       0x20 binaries/gettime.o
                                         0x38 (size before relaxing)
 .eh_frame      0x000000000011b398       0x20 binaries/getutime.o
                                         0x38 (size before relaxing)
 .eh_frame      0x000000000011b3b8       0x8c binaries/i386.o
                                         0xa4 (size before relaxing)
 .eh_frame      0x000000000011b444       0x20 binaries/init.o
                                         0x38 (size before relaxing)
 .eh_frame      0x000000000011b464       0xa0 binaries/initialize.o
                                         0xb8 (size before relaxing)
 .eh_frame      0x000000000011b504       0x20 binaries/insert.o
                                         0x38 (size before relaxing)
 .eh_frame      0x000000000011b524       0x20 binaries/insertd.o
                                         0x38 (size before relaxing)
 .eh_frame      0x000000000011b544       0x20 binaries/ioerr.o
                                         0x38 (size before relaxing)
 .eh_frame      0x000000000011b564       0x20 binaries/ionull.o
                                         0x38 (size before relaxing)
 .eh_frame      0x000000000011b584       0x20 binaries/kill.o
                                         0x38 (size before relaxing)
 .eh_frame      0x000000000011b5a4       0x60 binaries/kprintf.o
                                         0x78 (size before relaxing)
 .eh_frame      0x000000000011b604       0x58 binaries/main.o
                                         0x70 (size before relaxing)
 .eh_frame      0x000000000011b65c       0x40 binaries/mark.o
                                         0x58 (size before relaxing)
 .eh_frame      0x000000000011b69c       0x20 binaries/meminit.o
                                         0x38 (size before relaxing)
 .eh_frame      0x000000000011b6bc       0x20 binaries/mkbufpool.o
                                         0x38 (size before relaxing)
 .eh_frame      0x000000000011b6dc       0x20 binaries/newqueue.o
                                         0x38 (size before relaxing)
 .eh_frame      0x000000000011b6fc       0x20 binaries/open.o
                                         0x38 (size before relaxing)
 .eh_frame      0x000000000011b71c       0x1c binaries/panic.o
                                         0x34 (size before relaxing)
 .eh_frame      0x000000000011b738      0x1c8 binaries/pci.o
                                        0x1e0 (size before relaxing)
 .eh_frame      0x000000000011b900       0x2c binaries/print.o
                                         0x44 (size before relaxing)
 .eh_frame      0x000000000011b92c       0x40 binaries/project2.o
                                         0x58 (size before relaxing)
 .eh_frame      0x000000000011b96c       0x20 binaries/ptclear.o
                                         0x38 (size before relaxing)
 .eh_frame      0x000000000011b98c       0x20 binaries/ptcount.o
                                         0x38 (size before relaxing)
 .eh_frame      0x000000000011b9ac       0x20 binaries/ptcreate.o
                                         0x38 (size before relaxing)
 .eh_frame      0x000000000011b9cc       0x20 binaries/ptdelete.o
                                         0x38 (size before relaxing)
 .eh_frame      0x000000000011b9ec       0x20 binaries/ptinit.o
                                         0x38 (size before relaxing)
 .eh_frame      0x000000000011ba0c       0x20 binaries/ptrecv.o
                                         0x38 (size before relaxing)
 .eh_frame      0x000000000011ba2c       0x20 binaries/ptreset.o
                                         0x38 (size before relaxing)
 .eh_frame      0x000000000011ba4c       0x20 binaries/ptsend.o
                                         0x38 (size before relaxing)
 .eh_frame      0x000000000011ba6c       0x20 binaries/putc.o
                                         0x38 (size before relaxing)
 .eh_frame      0x000000000011ba8c       0x40 binaries/queue.o
                                         0x58 (size before relaxing)
 .eh_frame      0x000000000011bacc       0x20 binaries/read.o
                                         0x38 (size before relaxing)
 .eh_frame      0x000000000011baec       0x44 binaries/ready.o
                                         0x5c (size before relaxing)
 .eh_frame      0x000000000011bb30       0x20 binaries/receive.o
                                         0x38 (size before relaxing)
 .eh_frame      0x000000000011bb50       0x20 binaries/recvclr.o
                                         0x38 (size before relaxing)
 .eh_frame      0x000000000011bb70       0x20 binaries/recvtime.o
                                         0x38 (size before relaxing)
 .eh_frame      0x000000000011bb90       0x40 binaries/resched.o
                                         0x58 (size before relaxing)
 .eh_frame      0x000000000011bbd0       0x20 binaries/resume.o
                                         0x38 (size before relaxing)
 .eh_frame      0x000000000011bbf0       0x20 binaries/seek.o
                                         0x38 (size before relaxing)
 .eh_frame      0x000000000011bc10       0x20 binaries/semcount.o
                                         0x38 (size before relaxing)
 .eh_frame      0x000000000011bc30       0x40 binaries/semcreate.o
                                         0x58 (size before relaxing)
 .eh_frame      0x000000000011bc70       0x20 binaries/semdelete.o
                                         0x38 (size before relaxing)
 .eh_frame      0x000000000011bc90       0x20 binaries/semreset.o
                                         0x38 (size before relaxing)
 .eh_frame      0x000000000011bcb0       0x20 binaries/send.o
                                         0x38 (size before relaxing)
 .eh_frame      0x000000000011bcd0       0x20 binaries/signal.o
                                         0x38 (size before relaxing)
 .eh_frame      0x000000000011bcf0       0x20 binaries/signaln.o
                                         0x38 (size before relaxing)
 .eh_frame      0x000000000011bd10       0x40 binaries/sleep.o
                                         0x58 (size before relaxing)
 .eh_frame      0x000000000011bd50       0x20 binaries/stacktrace.o
                                         0x38 (size before relaxing)
 .eh_frame      0x000000000011bd70       0x20 binaries/suspend.o
                                         0x38 (size before relaxing)
 .eh_frame      0x000000000011bd90       0x20 binaries/unsleep.o
                                         0x38 (size before relaxing)
 .eh_frame      0x000000000011bdb0       0x20 binaries/userret.o
                                         0x38 (size before relaxing)
 .eh_frame      0x000000000011bdd0       0x20 binaries/wait.o
                                         0x38 (size before relaxing)
 .eh_frame      0x000000000011bdf0       0x20 binaries/wakeup.o
                                         0x38 (size before relaxing)
 .eh_frame      0x000000000011be10       0x20 binaries/write.o
                                         0x38 (size before relaxing)
 .eh_frame      0x000000000011be30       0x20 binaries/xdone.o
                                         0x38 (size before relaxing)
 .eh_frame      0x000000000011be50       0x20 binaries/yield.o
                                         0x38 (size before relaxing)
 .eh_frame      0x000000000011be70       0x20 binaries/abs.o
                                         0x38 (size before relaxing)
 .eh_frame      0x000000000011be90       0x20 binaries/atoi.o
                                         0x38 (size before relaxing)
 .eh_frame      0x000000000011beb0       0x20 binaries/atol.o
                                         0x38 (size before relaxing)
 .eh_frame      0x000000000011bed0       0x20 binaries/bzero.o
                                         0x38 (size before relaxing)
 .eh_frame      0x000000000011bef0       0xe0 binaries/doprnt.o
                                         0xf8 (size before relaxing)
 .eh_frame      0x000000000011bfd0       0xb0 binaries/doscan.o
                                         0xc8 (size before relaxing)
 .eh_frame      0x000000000011c080       0xc0 binaries/fdoprnt.o
                                         0xd8 (size before relaxing)
 .eh_frame      0x000000000011c140       0x20 binaries/fgetc.o
                                         0x38 (size before relaxing)
 .eh_frame      0x000000000011c160       0x20 binaries/fgets.o
                                         0x38 (size before relaxing)
 .eh_frame      0x000000000011c180       0x20 binaries/fprintf.o
                                         0x38 (size before relaxing)
 .eh_frame      0x000000000011c1a0       0x20 binaries/fputc.o
                                         0x38 (size before relaxing)
 .eh_frame      0x000000000011c1c0       0x20 binaries/fputs.o
                                         0x38 (size before relaxing)
 .eh_frame      0x000000000011c1e0       0x60 binaries/fscanf.o
                                         0x78 (size before relaxing)
 .eh_frame      0x000000000011c240       0x20 binaries/getchar.o
                                         0x38 (size before relaxing)
 .eh_frame      0x000000000011c260       0x20 binaries/labs.o
                                         0x38 (size before relaxing)
 .eh_frame      0x000000000011c280       0x20 binaries/memcmp.o
                                         0x38 (size before relaxing)
 .eh_frame      0x000000000011c2a0       0x24 binaries/memcpy.o
                                         0x3c (size before relaxing)
 .eh_frame      0x000000000011c2c4       0x24 binaries/memset.o
                                         0x3c (size before relaxing)
 .eh_frame      0x000000000011c2e8       0x20 binaries/printf.o
                                         0x38 (size before relaxing)
 .eh_frame      0x000000000011c308       0x20 binaries/putchar.o
                                         0x38 (size before relaxing)
 .eh_frame      0x000000000011c328       0xa8 binaries/qsort.o
                                         0xc0 (size before relaxing)
 .eh_frame      0x000000000011c3d0       0x60 binaries/rand.o
                                         0x78 (size before relaxing)
 .eh_frame      0x000000000011c430       0x40 binaries/sprintf.o
                                         0x58 (size before relaxing)
 .eh_frame      0x000000000011c470       0x60 binaries/sscanf.o
                                         0x78 (size before relaxing)
 .eh_frame      0x000000000011c4d0       0x20 binaries/strchr.o
                                         0x38 (size before relaxing)
 .eh_frame      0x000000000011c4f0       0x20 binaries/strcmp.o
                                         0x38 (size before relaxing)
 .eh_frame      0x000000000011c510       0x20 binaries/strcpy.o
                                         0x38 (size before relaxing)
 .eh_frame      0x000000000011c530       0x20 binaries/strlen.o
                                         0x38 (size before relaxing)
 .eh_frame      0x000000000011c550       0x20 binaries/strncat.o
                                         0x38 (size before relaxing)
 .eh_frame      0x000000000011c570       0x20 binaries/strncmp.o
                                         0x38 (size before relaxing)
 .eh_frame      0x000000000011c590       0x28 binaries/strncpy.o
                                         0x40 (size before relaxing)
 .eh_frame      0x000000000011c5b8       0x20 binaries/strnlen.o
                                         0x38 (size before relaxing)
 .eh_frame      0x000000000011c5d8       0x20 binaries/strrchr.o
                                         0x38 (size before relaxing)
 .eh_frame      0x000000000011c5f8       0x20 binaries/strstr.o
                                         0x38 (size before relaxing)
 .eh_frame      0x000000000011c618       0x20 binaries/ttycontrol.o
                                         0x38 (size before relaxing)
 .eh_frame      0x000000000011c638       0x20 binaries/ttygetc.o
                                         0x38 (size before relaxing)
 .eh_frame      0x000000000011c658       0x80 binaries/ttyhandle_in.o
                                         0x98 (size before relaxing)
 .eh_frame      0x000000000011c6d8       0x20 binaries/ttyhandle_out.o
                                         0x38 (size before relaxing)
 .eh_frame      0x000000000011c6f8       0x20 binaries/ttyhandler.o
                                         0x38 (size before relaxing)
 .eh_frame      0x000000000011c718       0x20 binaries/ttyinit.o
                                         0x38 (size before relaxing)
 .eh_frame      0x000000000011c738       0x20 binaries/ttykickout.o
                                         0x38 (size before relaxing)
 .eh_frame      0x000000000011c758       0x20 binaries/ttyputc.o
                                         0x38 (size before relaxing)
 .eh_frame      0x000000000011c778       0x24 binaries/ttyread.o
                                         0x3c (size before relaxing)
 .eh_frame      0x000000000011c79c       0x20 binaries/ttywrite.o
                                         0x38 (size before relaxing)
 .eh_frame      0x000000000011c7bc       0x40 binaries/mount.o
                                         0x58 (size before relaxing)
 .eh_frame      0x000000000011c7fc       0x20 binaries/naminit.o
                                         0x38 (size before relaxing)
 .eh_frame      0x000000000011c81c       0x60 binaries/nammap.o
                                         0x78 (size before relaxing)
 .eh_frame      0x000000000011c87c       0x20 binaries/namopen.o
                                         0x38 (size before relaxing)
 .eh_frame      0x000000000011c89c      0x150 binaries/82545EMInit.o
                                        0x168 (size before relaxing)
 .eh_frame      0x000000000011c9ec       0xa0 binaries/ethcontrol.o
                                         0xb8 (size before relaxing)
 .eh_frame      0x000000000011ca8c       0x80 binaries/ethhandler.o
                                         0x98 (size before relaxing)
 .eh_frame      0x000000000011cb0c       0x20 binaries/ethinit.o
                                         0x38 (size before relaxing)
 .eh_frame      0x000000000011cb2c       0x60 binaries/ethread.o
                                         0x78 (size before relaxing)
 .eh_frame      0x000000000011cb8c       0x60 binaries/ethwrite.o
                                         0x78 (size before relaxing)
 .eh_frame      0x000000000011cbec       0x20 binaries/rdsbufalloc.o
                                         0x38 (size before relaxing)
 .eh_frame      0x000000000011cc0c       0x20 binaries/rdsclose.o
                                         0x38 (size before relaxing)
 .eh_frame      0x000000000011cc2c       0x20 binaries/rdscomm.o
                                         0x38 (size before relaxing)
 .eh_frame      0x000000000011cc4c       0x20 binaries/rdscontrol.o
                                         0x38 (size before relaxing)
 .eh_frame      0x000000000011cc6c       0x20 binaries/rdsinit.o
                                         0x38 (size before relaxing)
 .eh_frame      0x000000000011cc8c       0x20 binaries/rdsopen.o
                                         0x38 (size before relaxing)
 .eh_frame      0x000000000011ccac       0x1c binaries/rdsprocess.o
                                         0x34 (size before relaxing)
 .eh_frame      0x000000000011ccc8       0x20 binaries/rdsread.o
                                         0x38 (size before relaxing)
 .eh_frame      0x000000000011cce8       0x20 binaries/rdswrite.o
                                         0x38 (size before relaxing)
 .eh_frame      0x000000000011cd08       0x20 binaries/ramclose.o
                                         0x38 (size before relaxing)
 .eh_frame      0x000000000011cd28       0x20 binaries/raminit.o
                                         0x38 (size before relaxing)
 .eh_frame      0x000000000011cd48       0x20 binaries/ramopen.o
                                         0x38 (size before relaxing)
 .eh_frame      0x000000000011cd68       0x20 binaries/ramread.o
                                         0x38 (size before relaxing)
 .eh_frame      0x000000000011cd88       0x20 binaries/ramwrite.o
                                         0x38 (size before relaxing)
 .eh_frame      0x000000000011cda8       0x20 binaries/lfdballoc.o
                                         0x38 (size before relaxing)
 .eh_frame      0x000000000011cdc8       0x20 binaries/lfdbfree.o
                                         0x38 (size before relaxing)
 .eh_frame      0x000000000011cde8       0x20 binaries/lfflush.o
                                         0x38 (size before relaxing)
 .eh_frame      0x000000000011ce08       0x20 binaries/lfgetmode.o
                                         0x38 (size before relaxing)
 .eh_frame      0x000000000011ce28       0x20 binaries/lfiballoc.o
                                         0x38 (size before relaxing)
 .eh_frame      0x000000000011ce48       0x20 binaries/lfibclear.o
                                         0x38 (size before relaxing)
 .eh_frame      0x000000000011ce68       0x20 binaries/lfibget.o
                                         0x38 (size before relaxing)
 .eh_frame      0x000000000011ce88       0x20 binaries/lfibput.o
                                         0x38 (size before relaxing)
 .eh_frame      0x000000000011cea8       0x20 binaries/lflclose.o
                                         0x38 (size before relaxing)
 .eh_frame      0x000000000011cec8       0x20 binaries/lflcontrol.o
                                         0x38 (size before relaxing)
 .eh_frame      0x000000000011cee8       0x20 binaries/lflgetc.o
                                         0x38 (size before relaxing)
 .eh_frame      0x000000000011cf08       0x20 binaries/lflinit.o
                                         0x38 (size before relaxing)
 .eh_frame      0x000000000011cf28       0x20 binaries/lflputc.o
                                         0x38 (size before relaxing)
 .eh_frame      0x000000000011cf48       0x20 binaries/lflread.o
                                         0x38 (size before relaxing)
 .eh_frame      0x000000000011cf68       0x20 binaries/lflseek.o
                                         0x38 (size before relaxing)
 .eh_frame      0x000000000011cf88       0x20 binaries/lflwrite.o
                                         0x38 (size before relaxing)
 .eh_frame      0x000000000011cfa8       0x20 binaries/lfscheck.o
                                         0x38 (size before relaxing)
 .eh_frame      0x000000000011cfc8       0x20 binaries/lfsckfmt.o
                                         0x38 (size before relaxing)
 .eh_frame      0x000000000011cfe8       0x20 binaries/lfscreate.o
                                         0x38 (size before relaxing)
 .eh_frame      0x000000000011d008       0x20 binaries/lfsetup.o
                                         0x38 (size before relaxing)
 .eh_frame      0x000000000011d028       0x20 binaries/lfsinit.o
                                         0x38 (size before relaxing)
 .eh_frame      0x000000000011d048       0x20 binaries/lfsopen.o
                                         0x38 (size before relaxing)
 .eh_frame      0x000000000011d068       0x20 binaries/lftruncate.o
                                         0x38 (size before relaxing)
 .eh_frame      0x000000000011d088       0x20 binaries/rflclose.o
                                         0x38 (size before relaxing)
 .eh_frame      0x000000000011d0a8       0x20 binaries/rflgetc.o
                                         0x38 (size before relaxing)
 .eh_frame      0x000000000011d0c8       0x20 binaries/rflinit.o
                                         0x38 (size before relaxing)
 .eh_frame      0x000000000011d0e8       0x20 binaries/rflputc.o
                                         0x38 (size before relaxing)
 .eh_frame      0x000000000011d108       0x20 binaries/rflread.o
                                         0x38 (size before relaxing)
 .eh_frame      0x000000000011d128       0x20 binaries/rflseek.o
                                         0x38 (size before relaxing)
 .eh_frame      0x000000000011d148       0x20 binaries/rflwrite.o
                                         0x38 (size before relaxing)
 .eh_frame      0x000000000011d168       0x20 binaries/rfscomm.o
                                         0x38 (size before relaxing)
 .eh_frame      0x000000000011d188       0x20 binaries/rfscontrol.o
                                         0x38 (size before relaxing)
 .eh_frame      0x000000000011d1a8       0x20 binaries/rfsgetmode.o
                                         0x38 (size before relaxing)
 .eh_frame      0x000000000011d1c8       0x20 binaries/rfsinit.o
                                         0x38 (size before relaxing)
 .eh_frame      0x000000000011d1e8       0x20 binaries/rfsndmsg.o
                                         0x38 (size before relaxing)
 .eh_frame      0x000000000011d208       0x20 binaries/rfsopen.o
                                         0x38 (size before relaxing)
 .eh_frame      0x000000000011d228       0xc0 binaries/arp.o
                                         0xd8 (size before relaxing)
 .eh_frame      0x000000000011d2e8       0xa0 binaries/dhcp.o
                                         0xb8 (size before relaxing)
 .eh_frame      0x000000000011d388       0x80 binaries/dns.o
                                         0x98 (size before relaxing)
 .eh_frame      0x000000000011d408       0x20 binaries/dot2ip.o
                                         0x38 (size before relaxing)
 .eh_frame      0x000000000011d428       0x40 binaries/hexdump.o
                                         0x58 (size before relaxing)
 .eh_frame      0x000000000011d468      0x14c binaries/icmp.o
                                        0x164 (size before relaxing)
 .eh_frame      0x000000000011d5b4      0x11c binaries/ip.o
                                        0x134 (size before relaxing)
 .eh_frame      0x000000000011d6d0       0xa0 binaries/net.o
                                         0xb8 (size before relaxing)
 .eh_frame      0x000000000011d770       0x60 binaries/pdump.o
                                         0x78 (size before relaxing)
 .eh_frame      0x000000000011d7d0       0x60 binaries/tftp.o
                                         0x78 (size before relaxing)
 .eh_frame      0x000000000011d830      0x140 binaries/udp.o
                                        0x158 (size before relaxing)
 .eh_frame      0x000000000011d970       0x20 binaries/addargs.o
                                         0x38 (size before relaxing)
 .eh_frame      0x000000000011d990       0x20 binaries/lexan.o
                                         0x38 (size before relaxing)
 .eh_frame      0x000000000011d9b0       0x20 binaries/shell.o
                                         0x38 (size before relaxing)
 .eh_frame      0x000000000011d9d0       0x20 binaries/xsh_argecho.o
                                         0x38 (size before relaxing)
 .eh_frame      0x000000000011d9f0       0x40 binaries/xsh_arp.o
                                         0x58 (size before relaxing)
 .eh_frame      0x000000000011da30       0x20 binaries/xsh_cat.o
                                         0x38 (size before relaxing)
 .eh_frame      0x000000000011da50       0x20 binaries/xsh_clear.o
                                         0x38 (size before relaxing)
 .eh_frame      0x000000000011da70       0x20 binaries/xsh_date.o
                                         0x38 (size before relaxing)
 .eh_frame      0x000000000011da90       0x20 binaries/xsh_devdump.o
                                         0x38 (size before relaxing)
 .eh_frame      0x000000000011dab0       0x20 binaries/xsh_echo.o
                                         0x38 (size before relaxing)
 .eh_frame      0x000000000011dad0       0x20 binaries/xsh_exit.o
                                         0x38 (size before relaxing)
 .eh_frame      0x000000000011daf0       0x20 binaries/xsh_help.o
                                         0x38 (size before relaxing)
 .eh_frame      0x000000000011db10       0x20 binaries/xsh_kill.o
                                         0x38 (size before relaxing)
 .eh_frame      0x000000000011db30       0x40 binaries/xsh_memdump.o
                                         0x58 (size before relaxing)
 .eh_frame      0x000000000011db70       0x60 binaries/xsh_memstat.o
                                         0x78 (size before relaxing)
 .eh_frame      0x000000000011dbd0       0x30 binaries/xsh_netinfo.o
                                         0x48 (size before relaxing)
 .eh_frame      0x000000000011dc00       0x24 binaries/xsh_ping.o
                                         0x3c (size before relaxing)
 .eh_frame      0x000000000011dc24       0x30 binaries/xsh_ps.o
                                         0x48 (size before relaxing)
 .eh_frame      0x000000000011dc54       0x20 binaries/xsh_sleep.o
                                         0x38 (size before relaxing)
 .eh_frame      0x000000000011dc74       0x20 binaries/xsh_udpdump.o
                                         0x38 (size before relaxing)
 .eh_frame      0x000000000011dc94       0x30 binaries/xsh_udpecho.o
                                         0x48 (size before relaxing)
 .eh_frame      0x000000000011dcc4       0x24 binaries/xsh_udpserver.o
                                         0x3c (size before relaxing)
 .eh_frame      0x000000000011dce8       0x20 binaries/xsh_uptime.o
                                         0x38 (size before relaxing)

.note.gnu.property
                0x000000000011dd08       0x1c
 .note.gnu.property
                0x000000000011dd08       0x1c binaries/ethdispatch.o

.rel.dyn        0x000000000011dd24        0x0
 .rel.got       0x000000000011dd24        0x0 binaries/ethdispatch.o
 .rel.iplt      0x000000000011dd24        0x0 binaries/ethdispatch.o
 .rel.text      0x000000000011dd24        0x0 binaries/ethdispatch.o

.data           0x000000000011dd40     0x12c0
                0x000000000011dd40                data = ABSOLUTE (.)
 *(.data .data.*)
 .data          0x000000000011dd40      0x460 binaries/start.o
                0x000000000011dd40                gdt
                0x000000000011dd80                gdtr
                0x000000000011dd86                idt
                0x000000000011e186                idtr
                0x000000000011e18c                cpudelay
                0x000000000011e190                _bootdev
                0x000000000011e194                _cyloffset
 .data          0x000000000011e1a0       0x88 binaries/ascdate.o
                0x000000000011e1a0                Date
 .data          0x000000000011e228        0x0 binaries/bufinit.o
 .data          0x000000000011e228        0x0 binaries/chprio.o
 .data          0x000000000011e228        0x4 binaries/clkhandler.o
 .data          0x000000000011e22c        0x0 binaries/clkinit.o
 .data          0x000000000011e22c        0x0 binaries/close.o
 *fill*         0x000000000011e22c       0x14 
 .data          0x000000000011e240      0x5a0 binaries/conf.o
                0x000000000011e240                devtab
 .data          0x000000000011e7e0        0x0 binaries/control.o
 .data          0x000000000011e7e0        0x4 binaries/create.o
 *fill*         0x000000000011e7e4       0x1c 
 .data          0x000000000011e800       0x40 binaries/evec.o
                0x000000000011e800                inames
 .data          0x000000000011e840        0x0 binaries/exit.o
 .data          0x000000000011e840        0x0 binaries/freebuf.o
 .data          0x000000000011e840        0x0 binaries/freemem.o
 .data          0x000000000011e840        0x0 binaries/getbuf.o
 .data          0x000000000011e840        0x0 binaries/getc.o
 .data          0x000000000011e840        0x0 binaries/getdev.o
 .data          0x000000000011e840        0x0 binaries/getitem.o
 .data          0x000000000011e840        0x0 binaries/getmem.o
 .data          0x000000000011e840        0x0 binaries/getpid.o
 .data          0x000000000011e840        0x0 binaries/getprio.o
 .data          0x000000000011e840        0x0 binaries/getstk.o
 .data          0x000000000011e840        0x0 binaries/getticks.o
 .data          0x000000000011e840        0x0 binaries/gettime.o
 .data          0x000000000011e840        0x0 binaries/getutime.o
 .data          0x000000000011e840       0x40 binaries/i386.o
                0x000000000011e840                gdt_copy
 .data          0x000000000011e880        0x0 binaries/init.o
 .data          0x000000000011e880        0x0 binaries/initialize.o
 .data          0x000000000011e880        0x0 binaries/insert.o
 .data          0x000000000011e880        0x0 binaries/insertd.o
 .data          0x000000000011e880        0x0 binaries/ioerr.o
 .data          0x000000000011e880        0x0 binaries/ionull.o
 .data          0x000000000011e880        0x0 binaries/kill.o
 .data          0x000000000011e880        0x0 binaries/kprintf.o
 .data          0x000000000011e880        0x0 binaries/main.o
 .data          0x000000000011e880        0x0 binaries/mark.o
 .data          0x000000000011e880        0x0 binaries/meminit.o
 .data          0x000000000011e880        0x0 binaries/mkbufpool.o
 .data          0x000000000011e880        0x2 binaries/newqueue.o
 .data          0x000000000011e882        0x0 binaries/open.o
 .data          0x000000000011e882        0x0 binaries/panic.o
 *fill*         0x000000000011e882        0x2 
 .data          0x000000000011e884       0x10 binaries/pci.o
 .data          0x000000000011e894        0x0 binaries/print.o
 .data          0x000000000011e894        0x0 binaries/project2.o
 .data          0x000000000011e894        0x0 binaries/ptclear.o
 .data          0x000000000011e894        0x0 binaries/ptcount.o
[...]
 .comment       0x000000000000001d       0x1e binaries/dot2ip.o
 .comment       0x000000000000001d       0x1e binaries/hexdump.o
 .comment       0x000000000000001d       0x1e binaries/icmp.o
 .comment       0x000000000000001d       0x1e binaries/ip.o
 .comment       0x000000000000001d       0x1e binaries/net.o
 .comment       0x000000000000001d       0x1e binaries/pdump.o
 .comment       0x000000000000001d       0x1e binaries/tftp.o
 .comment       0x000000000000001d       0x1e binaries/udp.o
 .comment       0x000000000000001d       0x1e binaries/addargs.o
 .comment       0x000000000000001d       0x1e binaries/lexan.o
 .comment       0x000000000000001d       0x1e binaries/shell.o
 .comment       0x000000000000001d       0x1e binaries/xsh_argecho.o
 .comment       0x000000000000001d       0x1e binaries/xsh_arp.o
 .comment       0x000000000000001d       0x1e binaries/xsh_cat.o
 .comment       0x000000000000001d       0x1e binaries/xsh_clear.o
 .comment       0x000000000000001d       0x1e binaries/xsh_date.o
 .comment       0x000000000000001d       0x1e binaries/xsh_devdump.o
 .comment       0x000000000000001d       0x1e binaries/xsh_echo.o
 .comment       0x000000000000001d       0x1e binaries/xsh_exit.o
 .comment       0x000000000000001d       0x1e binaries/xsh_help.o
 .comment       0x000000000000001d       0x1e binaries/xsh_kill.o
 .comment       0x000000000000001d       0x1e binaries/xsh_memdump.o
 .comment       0x000000000000001d       0x1e binaries/xsh_memstat.o
 .comment       0x000000000000001d       0x1e binaries/xsh_netinfo.o
 .comment       0x000000000000001d       0x1e binaries/xsh_ping.o
 .comment       0x000000000000001d       0x1e binaries/xsh_ps.o
 .comment       0x000000000000001d       0x1e binaries/xsh_sleep.o
 .comment       0x000000000000001d       0x1e binaries/xsh_udpdump.o
 .comment       0x000000000000001d       0x1e binaries/xsh_udpecho.o
 .comment       0x000000000000001d       0x1e binaries/xsh_udpserver.o
 .comment       0x000000000000001d       0x1e binaries/xsh_uptime.o

.note.GNU-stack
                0x0000000000000000        0x0
 .note.GNU-stack
                0x0000000000000000        0x0 binaries/ascdate.o
 .note.GNU-stack
                0x0000000000000000        0x0 binaries/bufinit.o
 .note.GNU-stack
                0x0000000000000000        0x0 binaries/chprio.o
 .note.GNU-stack
                0x0000000000000000        0x0 binaries/clkhandler.o
 .note.GNU-stack
                0x0000000000000000        0x0 binaries/clkinit.o
 .note.GNU-stack
                0x0000000000000000        0x0 binaries/close.o
 .note.GNU-stack
                0x0000000000000000        0x0 binaries/conf.o
 .note.GNU-stack
                0x0000000000000000        0x0 binaries/control.o
 .note.GNU-stack
                0x0000000000000000        0x0 binaries/create.o
 .note.GNU-stack
                0x0000000000000000        0x0 binaries/evec.o
 .note.GNU-stack
                0x0000000000000000        0x0 binaries/exit.o
 .note.GNU-stack
                0x0000000000000000        0x0 binaries/freebuf.o
 .note.GNU-stack
                0x0000000000000000        0x0 binaries/freemem.o
 .note.GNU-stack
                0x0000000000000000        0x0 binaries/getbuf.o
 .note.GNU-stack
                0x0000000000000000        0x0 binaries/getc.o
 .note.GNU-stack
                0x0000000000000000        0x0 binaries/getdev.o
 .note.GNU-stack
                0x0000000000000000        0x0 binaries/getitem.o
 .note.GNU-stack
                0x0000000000000000        0x0 binaries/getmem.o
 .note.GNU-stack
                0x0000000000000000        0x0 binaries/getpid.o
 .note.GNU-stack
                0x0000000000000000        0x0 binaries/getprio.o
 .note.GNU-stack
                0x0000000000000000        0x0 binaries/getstk.o
 .note.GNU-stack
                0x0000000000000000        0x0 binaries/getticks.o
 .note.GNU-stack
                0x0000000000000000        0x0 binaries/gettime.o
 .note.GNU-stack
                0x0000000000000000        0x0 binaries/getutime.o
 .note.GNU-stack
                0x0000000000000000        0x0 binaries/i386.o
 .note.GNU-stack
                0x0000000000000000        0x0 binaries/init.o
 .note.GNU-stack
                0x0000000000000000        0x0 binaries/initialize.o
 .note.GNU-stack
                0x0000000000000000        0x0 binaries/insert.o
 .note.GNU-stack
                0x0000000000000000        0x0 binaries/insertd.o
 .note.GNU-stack
                0x0000000000000000        0x0 binaries/ioerr.o
 .note.GNU-stack
                0x0000000000000000        0x0 binaries/ionull.o
 .note.GNU-stack
                0x0000000000000000        0x0 binaries/kill.o
 .note.GNU-stack
                0x0000000000000000        0x0 binaries/kprintf.o
 .note.GNU-stack
                0x0000000000000000        0x0 binaries/main.o
 .note.GNU-stack
                0x0000000000000000        0x0 binaries/mark.o
 .note.GNU-stack
                0x0000000000000000        0x0 binaries/meminit.o
 .note.GNU-stack
                0x0000000000000000        0x0 binaries/mkbufpool.o
 .note.GNU-stack
                0x0000000000000000        0x0 binaries/newqueue.o
 .note.GNU-stack
                0x0000000000000000        0x0 binaries/open.o
 .note.GNU-stack
                0x0000000000000000        0x0 binaries/panic.o
 .note.GNU-stack
                0x0000000000000000        0x0 binaries/pci.o
 .note.GNU-stack
                0x0000000000000000        0x0 binaries/print.o
 .note.GNU-stack
                0x0000000000000000        0x0 binaries/project2.o
 .note.GNU-stack
                0x0000000000000000        0x0 binaries/ptclear.o
 .note.GNU-stack
                0x0000000000000000        0x0 binaries/ptcount.o
 .note.GNU-stack
                0x0000000000000000        0x0 binaries/ptcreate.o
 .note.GNU-stack
                0x0000000000000000        0x0 binaries/ptdelete.o
 .note.GNU-stack
                0x0000000000000000        0x0 binaries/ptinit.o
 .note.GNU-stack
                0x0000000000000000        0x0 binaries/ptrecv.o
 .note.GNU-stack
                0x0000000000000000        0x0 binaries/ptreset.o
 .note.GNU-stack
                0x0000000000000000        0x0 binaries/ptsend.o
 .note.GNU-stack
                0x0000000000000000        0x0 binaries/putc.o
 .note.GNU-stack
                0x0000000000000000        0x0 binaries/queue.o
 .note.GNU-stack
                0x0000000000000000        0x0 binaries/read.o
 .note.GNU-stack
                0x0000000000000000        0x0 binaries/ready.o
 .note.GNU-stack
                0x0000000000000000        0x0 binaries/receive.o
 .note.GNU-stack
                0x0000000000000000        0x0 binaries/recvclr.o
 .note.GNU-stack
                0x0000000000000000        0x0 binaries/recvtime.o
 .note.GNU-stack
                0x0000000000000000        0x0 binaries/resched.o
 .note.GNU-stack
                0x0000000000000000        0x0 binaries/resume.o
 .note.GNU-stack
                0x0000000000000000        0x0 binaries/seek.o
 .note.GNU-stack
                0x0000000000000000        0x0 binaries/semcount.o
 .note.GNU-stack
                0x0000000000000000        0x0 binaries/semcreate.o
 .note.GNU-stack
                0x0000000000000000        0x0 binaries/semdelete.o
 .note.GNU-stack
                0x0000000000000000        0x0 binaries/semreset.o
 .note.GNU-stack
                0x0000000000000000        0x0 binaries/send.o
 .note.GNU-stack
                0x0000000000000000        0x0 binaries/signal.o
 .note.GNU-stack
                0x0000000000000000        0x0 binaries/signaln.o
 .note.GNU-stack
                0x0000000000000000        0x0 binaries/sleep.o
 .note.GNU-stack
                0x0000000000000000        0x0 binaries/stacktrace.o
 .note.GNU-stack
                0x0000000000000000        0x0 binaries/suspend.o
 .note.GNU-stack
                0x0000000000000000        0x0 binaries/unsleep.o
 .note.GNU-stack
                0x0000000000000000        0x0 binaries/userret.o
 .note.GNU-stack
                0x0000000000000000        0x0 binaries/wait.o
 .note.GNU-stack
                0x0000000000000000        0x0 binaries/wakeup.o
 .note.GNU-stack
                0x0000000000000000        0x0 binaries/write.o
 .note.GNU-stack
                0x0000000000000000        0x0 binaries/xdone.o
 .note.GNU-stack
                0x0000000000000000        0x0 binaries/yield.o
 .note.GNU-stack
                0x0000000000000000        0x0 binaries/abs.o
 .note.GNU-stack
                0x0000000000000000        0x0 binaries/atoi.o
 .note.GNU-stack
                0x0000000000000000        0x0 binaries/atol.o
 .note.GNU-stack
                0x0000000000000000        0x0 binaries/bzero.o
 .note.GNU-stack
                0x0000000000000000        0x0 binaries/ctype_.o
 .note.GNU-stack
                0x0000000000000000        0x0 binaries/doprnt.o
 .note.GNU-stack
                0x0000000000000000        0x0 binaries/doscan.o
 .note.GNU-stack
                0x0000000000000000        0x0 binaries/fdoprnt.o
 .note.GNU-stack
                0x0000000000000000        0x0 binaries/fgetc.o
 .note.GNU-stack
                0x0000000000000000        0x0 binaries/fgets.o
 .note.GNU-stack
                0x0000000000000000        0x0 binaries/fprintf.o
 .note.GNU-stack
                0x0000000000000000        0x0 binaries/fputc.o
 .note.GNU-stack
                0x0000000000000000        0x0 binaries/fputs.o
 .note.GNU-stack
                0x0000000000000000        0x0 binaries/fscanf.o
 .note.GNU-stack
                0x0000000000000000        0x0 binaries/getchar.o
 .note.GNU-stack
                0x0000000000000000        0x0 binaries/labs.o
 .note.GNU-stack
                0x0000000000000000        0x0 binaries/memchr.o
 .note.GNU-stack
                0x0000000000000000        0x0 binaries/memcmp.o
 .note.GNU-stack
                0x0000000000000000        0x0 binaries/memcpy.o
 .note.GNU-stack
                0x0000000000000000        0x0 binaries/memset.o
 .note.GNU-stack
                0x0000000000000000        0x0 binaries/printf.o
 .note.GNU-stack
                0x0000000000000000        0x0 binaries/putchar.o
 .note.GNU-stack
                0x0000000000000000        0x0 binaries/qsort.o
 .note.GNU-stack
                0x0000000000000000        0x0 binaries/rand.o
 .note.GNU-stack
                0x0000000000000000        0x0 binaries/sprintf.o
 .note.GNU-stack
                0x0000000000000000        0x0 binaries/sscanf.o
 .note.GNU-stack
                0x0000000000000000        0x0 binaries/strchr.o
 .note.GNU-stack
                0x0000000000000000        0x0 binaries/strcmp.o
 .note.GNU-stack
                0x0000000000000000        0x0 binaries/strcpy.o
 .note.GNU-stack
                0x0000000000000000        0x0 binaries/strlen.o
 .note.GNU-stack
                0x0000000000000000        0x0 binaries/strncat.o
 .note.GNU-stack
                0x0000000000000000        0x0 binaries/strncmp.o
 .note.GNU-stack
                0x0000000000000000        0x0 binaries/strncpy.o
 .note.GNU-stack
                0x0000000000000000        0x0 binaries/strnlen.o
 .note.GNU-stack
                0x0000000000000000        0x0 binaries/strrchr.o
 .note.GNU-stack
                0x0000000000000000        0x0 binaries/strstr.o
 .note.GNU-stack
                0x0000000000000000        0x0 binaries/ttycontrol.o
 .note.GNU-stack
                0x0000000000000000        0x0 binaries/ttygetc.o
 .note.GNU-stack
                0x0000000000000000        0x0 binaries/ttyhandle_in.o
 .note.GNU-stack
                0x0000000000000000        0x0 binaries/ttyhandle_out.o
 .note.GNU-stack
                0x0000000000000000        0x0 binaries/ttyhandler.o
 .note.GNU-stack
                0x0000000000000000        0x0 binaries/ttyinit.o
 .note.GNU-stack
                0x0000000000000000        0x0 binaries/ttykickout.o
 .note.GNU-stack
                0x0000000000000000        0x0 binaries/ttyputc.o
 .note.GNU-stack
                0x0000000000000000        0x0 binaries/ttyread.o
 .note.GNU-stack
                0x0000000000000000        0x0 binaries/ttywrite.o
 .note.GNU-stack
                0x0000000000000000        0x0 binaries/mount.o
 .note.GNU-stack
                0x0000000000000000        0x0 binaries/naminit.o
 .note.GNU-stack
                0x0000000000000000        0x0 binaries/nammap.o
 .note.GNU-stack
                0x0000000000000000        0x0 binaries/namopen.o
 .note.GNU-stack
                0x0000000000000000        0x0 binaries/82545EMInit.o
 .note.GNU-stack
                0x0000000000000000        0x0 binaries/ethcontrol.o
 .note.GNU-stack
                0x0000000000000000        0x0 binaries/ethhandler.o
 .note.GNU-stack
                0x0000000000000000        0x0 binaries/ethinit.o
 .note.GNU-stack
                0x0000000000000000        0x0 binaries/ethread.o
 .note.GNU-stack
                0x0000000000000000        0x0 binaries/ethwrite.o
 .note.GNU-stack
                0x0000000000000000        0x0 binaries/rdsbufalloc.o
 .note.GNU-stack
                0x0000000000000000        0x0 binaries/rdsclose.o
 .note.GNU-stack
                0x0000000000000000        0x0 binaries/rdscomm.o
 .note.GNU-stack
                0x0000000000000000        0x0 binaries/rdscontrol.o
 .note.GNU-stack
                0x0000000000000000        0x0 binaries/rdsinit.o
 .note.GNU-stack
                0x0000000000000000        0x0 binaries/rdsopen.o
 .note.GNU-stack
                0x0000000000000000        0x0 binaries/rdsprocess.o
 .note.GNU-stack
                0x0000000000000000        0x0 binaries/rdsread.o
 .note.GNU-stack
                0x0000000000000000        0x0 binaries/rdswrite.o
 .note.GNU-stack
                0x0000000000000000        0x0 binaries/ramclose.o
 .note.GNU-stack
                0x0000000000000000        0x0 binaries/raminit.o
 .note.GNU-stack
                0x0000000000000000        0x0 binaries/ramopen.o
 .note.GNU-stack
                0x0000000000000000        0x0 binaries/ramread.o
 .note.GNU-stack
                0x0000000000000000        0x0 binaries/ramwrite.o
 .note.GNU-stack
                0x0000000000000000        0x0 binaries/lfdballoc.o
 .note.GNU-stack
                0x0000000000000000        0x0 binaries/lfdbfree.o
 .note.GNU-stack
                0x0000000000000000        0x0 binaries/lfflush.o
 .note.GNU-stack
                0x0000000000000000        0x0 binaries/lfgetmode.o
 .note.GNU-stack
                0x0000000000000000        0x0 binaries/lfiballoc.o
 .note.GNU-stack
                0x0000000000000000        0x0 binaries/lfibclear.o
 .note.GNU-stack
                0x0000000000000000        0x0 binaries/lfibget.o
 .note.GNU-stack
                0x0000000000000000        0x0 binaries/lfibput.o
 .note.GNU-stack
                0x0000000000000000        0x0 binaries/lflclose.o
 .note.GNU-stack
                0x0000000000000000        0x0 binaries/lflcontrol.o
 .note.GNU-stack
                0x0000000000000000        0x0 binaries/lflgetc.o
 .note.GNU-stack
                0x0000000000000000        0x0 binaries/lflinit.o
 .note.GNU-stack
                0x0000000000000000        0x0 binaries/lflputc.o
 .note.GNU-stack
                0x0000000000000000        0x0 binaries/lflread.o
 .note.GNU-stack
                0x0000000000000000        0x0 binaries/lflseek.o
 .note.GNU-stack
                0x0000000000000000        0x0 binaries/lflwrite.o
 .note.GNU-stack
                0x0000000000000000        0x0 binaries/lfscheck.o
 .note.GNU-stack
                0x0000000000000000        0x0 binaries/lfsckfmt.o
 .note.GNU-stack
                0x0000000000000000        0x0 binaries/lfscreate.o
 .note.GNU-stack
                0x0000000000000000        0x0 binaries/lfsetup.o
 .note.GNU-stack
                0x0000000000000000        0x0 binaries/lfsinit.o
 .note.GNU-stack
                0x0000000000000000        0x0 binaries/lfsopen.o
 .note.GNU-stack
                0x0000000000000000        0x0 binaries/lftruncate.o
 .note.GNU-stack
                0x0000000000000000        0x0 binaries/rflclose.o
 .note.GNU-stack
                0x0000000000000000        0x0 binaries/rflgetc.o
 .note.GNU-stack
                0x0000000000000000        0x0 binaries/rflinit.o
 .note.GNU-stack
                0x0000000000000000        0x0 binaries/rflputc.o
 .note.GNU-stack
                0x0000000000000000        0x0 binaries/rflread.o
 .note.GNU-stack
                0x0000000000000000        0x0 binaries/rflseek.o
 .note.GNU-stack
                0x0000000000000000        0x0 binaries/rflwrite.o
 .note.GNU-stack
                0x0000000000000000        0x0 binaries/rfscomm.o
 .note.GNU-stack
                0x0000000000000000        0x0 binaries/rfscontrol.o
 .note.GNU-stack
                0x0000000000000000        0x0 binaries/rfsgetmode.o
 .note.GNU-stack
                0x0000000000000000        0x0 binaries/rfsinit.o
 .note.GNU-stack
                0x0000000000000000        0x0 binaries/rfsndmsg.o
 .note.GNU-stack
                0x0000000000000000        0x0 binaries/rfsopen.o
 .note.GNU-stack
                0x0000000000000000        0x0 binaries/arp.o
 .note.GNU-stack
                0x0000000000000000        0x0 binaries/dhcp.o
 .note.GNU-stack
                0x0000000000000000        0x0 binaries/dns.o
 .note.GNU-stack
                0x0000000000000000        0x0 binaries/dot2ip.o
 .note.GNU-stack
                0x0000000000000000        0x0 binaries/hexdump.o
 .note.GNU-stack
                0x0000000000000000        0x0 binaries/icmp.o
 .note.GNU-stack
                0x0000000000000000        0x0 binaries/ip.o
 .note.GNU-stack
                0x0000000000000000        0x0 binaries/net.o
 .note.GNU-stack
                0x0000000000000000        0x0 binaries/pdump.o
 .note.GNU-stack
                0x0000000000000000        0x0 binaries/tftp.o
 .note.GNU-stack
                0x0000000000000000        0x0 binaries/udp.o
 .note.GNU-stack
                0x0000000000000000        0x0 binaries/addargs.o
 .note.GNU-stack
                0x0000000000000000        0x0 binaries/lexan.o
 .note.GNU-stack
                0x0000000000000000        0x0 binaries/shell.o
 .note.GNU-stack
                0x0000000000000000        0x0 binaries/xsh_argecho.o
 .note.GNU-stack
                0x0000000000000000        0x0 binaries/xsh_arp.o
 .note.GNU-stack
                0x0000000000000000        0x0 binaries/xsh_cat.o
 .note.GNU-stack
                0x0000000000000000        0x0 binaries/xsh_clear.o
 .note.GNU-stack
                0x0000000000000000        0x0 binaries/xsh_date.o
 .note.GNU-stack
                0x0000000000000000        0x0 binaries/xsh_devdump.o
 .note.GNU-stack
                0x0000000000000000        0x0 binaries/xsh_echo.o
 .note.GNU-stack
                0x0000000000000000        0x0 binaries/xsh_exit.o
 .note.GNU-stack
                0x0000000000000000        0x0 binaries/xsh_help.o
 .note.GNU-stack
                0x0000000000000000        0x0 binaries/xsh_kill.o
 .note.GNU-stack
                0x0000000000000000        0x0 binaries/xsh_memdump.o
 .note.GNU-stack
                0x0000000000000000        0x0 binaries/xsh_memstat.o
 .note.GNU-stack
                0x0000000000000000        0x0 binaries/xsh_netinfo.o
 .note.GNU-stack
                0x0000000000000000        0x0 binaries/xsh_ping.o
 .note.GNU-stack
                0x0000000000000000        0x0 binaries/xsh_ps.o
 .note.GNU-stack
                0x0000000000000000        0x0 binaries/xsh_sleep.o
 .note.GNU-stack
                0x0000000000000000        0x0 binaries/xsh_udpdump.o
 .note.GNU-stack
                0x0000000000000000        0x0 binaries/xsh_udpecho.o
 .note.GNU-stack
                0x0000000000000000        0x0 binaries/xsh_udpserver.o
 .note.GNU-stack
                0x0000000000000000        0x0 binaries/xsh_uptime.o
